ARM Linker, 5.03 [Build 76] [MDK-ARM Lite]

==============================================================================

Section Cross References

    startup_tm4c123.o(STACK) refers (Special) to heapauxi.o(.text) for __use_two_region_memory
    startup_tm4c123.o(HEAP) refers (Special) to heapauxi.o(.text) for __use_two_region_memory
    startup_tm4c123.o(RESET) refers (Special) to heapauxi.o(.text) for __use_two_region_memory
    startup_tm4c123.o(RESET) refers to startup_tm4c123.o(STACK) for __initial_sp
    startup_tm4c123.o(RESET) refers to startup_tm4c123.o(.text) for Reset_Handler
    startup_tm4c123.o(.text) refers (Special) to heapauxi.o(.text) for __use_two_region_memory
    startup_tm4c123.o(.text) refers to main.o(.text) for SystemInit
    startup_tm4c123.o(.text) refers to __main.o(!!!main) for __main
    startup_tm4c123.o(.text) refers to startup_tm4c123.o(HEAP) for Heap_Mem
    startup_tm4c123.o(.text) refers to startup_tm4c123.o(STACK) for Stack_Mem
    main.o(.text) refers to _printf_percent.o(.ARM.Collect$$_printf_percent$$00000000) for _printf_percent
    main.o(.text) refers to _printf_f.o(.ARM.Collect$$_printf_percent$$00000003) for _printf_f
    main.o(.text) refers to printf1.o(x$fpl$printf1) for _printf_fp_dec
    main.o(.text) refers to deqf.o(x$fpl$deqf) for __aeabi_cdcmpeq
    main.o(.text) refers to daddsub_clz.o(x$fpl$drsb) for __aeabi_drsub
    main.o(.text) refers to dmul.o(x$fpl$dmul) for __aeabi_dmul
    main.o(.text) refers to daddsub_clz.o(x$fpl$dsub) for __aeabi_dsub
    main.o(.text) refers to daddsub_clz.o(x$fpl$dadd) for __aeabi_dadd
    main.o(.text) refers to sqrt.o(i.sqrt) for sqrt
    main.o(.text) refers to atof.o(i.atof) for atof
    main.o(.text) refers to ddiv.o(x$fpl$ddiv) for __aeabi_ddiv
    main.o(.text) refers to noretval__2sprintf.o(.text) for __2sprintf
    main.o(.text) refers to main.o(.data) for oldX
    main.o(.text) refers to main.o(.bss) for latitude
    __2sprintf.o(.text) refers to _printf_char_common.o(.text) for _printf_char_common
    __2sprintf.o(.text) refers to _sputc.o(.text) for _sputc
    noretval__2sprintf.o(.text) refers to _printf_char_common.o(.text) for _printf_char_common
    noretval__2sprintf.o(.text) refers to _sputc.o(.text) for _sputc
    __printf.o(.text) refers to _printf_percent.o(.ARM.Collect$$_printf_percent$$00000000) for _printf_percent
    __printf_flags.o(.text) refers to _printf_percent.o(.ARM.Collect$$_printf_percent$$00000000) for _printf_percent
    __printf_flags.o(.text) refers to __printf_flags.o(.constdata) for .constdata
    __printf_ss.o(.text) refers to _printf_percent.o(.ARM.Collect$$_printf_percent$$00000000) for _printf_percent
    __printf_flags_ss.o(.text) refers to _printf_percent.o(.ARM.Collect$$_printf_percent$$00000000) for _printf_percent
    __printf_flags_ss.o(.text) refers to __printf_flags_ss.o(.constdata) for .constdata
    __printf_wp.o(.text) refers to __printf_wp.o(i._is_digit) for _is_digit
    __printf_wp.o(.text) refers to _printf_percent.o(.ARM.Collect$$_printf_percent$$00000000) for _printf_percent
    __printf_flags_wp.o(.text) refers to __printf_wp.o(i._is_digit) for _is_digit
    __printf_flags_wp.o(.text) refers to _printf_percent.o(.ARM.Collect$$_printf_percent$$00000000) for _printf_percent
    __printf_flags_wp.o(.text) refers to __printf_flags_wp.o(.constdata) for .constdata
    __printf_ss_wp.o(.text) refers to __printf_wp.o(i._is_digit) for _is_digit
    __printf_ss_wp.o(.text) refers to _printf_percent.o(.ARM.Collect$$_printf_percent$$00000000) for _printf_percent
    __printf_flags_ss_wp.o(.text) refers to __printf_wp.o(i._is_digit) for _is_digit
    __printf_flags_ss_wp.o(.text) refers to _printf_percent.o(.ARM.Collect$$_printf_percent$$00000000) for _printf_percent
    __printf_flags_ss_wp.o(.text) refers to __printf_flags_ss_wp.o(.constdata) for .constdata
    _printf_f.o(.ARM.Collect$$_printf_percent$$00000003) refers (Weak) to printf1.o(x$fpl$printf1) for _printf_fp_dec
    _printf_percent.o(.ARM.Collect$$_printf_percent$$00000000) refers (Special) to _printf_percent_end.o(.ARM.Collect$$_printf_percent$$00000017) for _printf_percent_end
    __main.o(!!!main) refers to rtentry.o(.ARM.Collect$$rtentry$$00000000) for __rt_entry
    daddsub_clz.o(x$fpl$dadd) refers (Special) to usenofp.o(x$fpl$usenofp) for __I$use$fp
    daddsub_clz.o(x$fpl$dadd) refers to daddsub_clz.o(x$fpl$dsub) for _dsub1
    daddsub_clz.o(x$fpl$dadd) refers to dretinf.o(x$fpl$dretinf) for __fpl_dretinf
    daddsub_clz.o(x$fpl$dadd) refers to dnaninf.o(x$fpl$dnaninf) for __fpl_dnaninf
    daddsub_clz.o(x$fpl$drsb) refers (Special) to usenofp.o(x$fpl$usenofp) for __I$use$fp
    daddsub_clz.o(x$fpl$drsb) refers to daddsub_clz.o(x$fpl$dadd) for _dadd1
    daddsub_clz.o(x$fpl$drsb) refers to daddsub_clz.o(x$fpl$dsub) for _dsub1
    daddsub_clz.o(x$fpl$dsub) refers (Special) to usenofp.o(x$fpl$usenofp) for __I$use$fp
    daddsub_clz.o(x$fpl$dsub) refers to daddsub_clz.o(x$fpl$dadd) for _dadd1
[...]
    rtexit.o(.ARM.exidx) refers (Special) to rtexit2.o(.ARM.Collect$$rtexit$$00000004) for __rt_exit_exit
    rtexit.o(.ARM.exidx) refers (Special) to rtexit2.o(.ARM.Collect$$rtexit$$00000003) for __rt_exit_ls
    rtexit.o(.ARM.exidx) refers (Special) to rtexit2.o(.ARM.Collect$$rtexit$$00000002) for __rt_exit_prels_1
    rtexit.o(.ARM.exidx) refers to rtexit.o(.ARM.Collect$$rtexit$$00000000) for .ARM.Collect$$rtexit$$00000000
    lc_ctype_c.o(locale$$data) refers (Special) to libinit2.o(.ARM.Collect$$libinit$$00000010) for __rt_lib_init_lc_ctype_2
    lc_ctype_c.o(locale$$code) refers (Special) to libinit2.o(.ARM.Collect$$libinit$$00000010) for __rt_lib_init_lc_ctype_2
    lc_ctype_c.o(locale$$code) refers to strcmpv7m.o(.text) for strcmp
    lc_ctype_c.o(locale$$code) refers to lc_ctype_c.o(locale$$data) for __lcctype_c_name
    argv_veneer.o(.emb_text) refers to no_argv.o(.text) for __ARM_get_argv
    fpconst.o(c$$dinf) refers (Special) to usenofp.o(x$fpl$usenofp) for __I$use$fp
    fpconst.o(c$$dnan) refers (Special) to usenofp.o(x$fpl$usenofp) for __I$use$fp
    fpconst.o(c$$finf) refers (Special) to usenofp.o(x$fpl$usenofp) for __I$use$fp
    scanf2.o(x$fpl$scanf2) refers to scanf_hexfp.o(.text) for _scanf_really_hex_real
    scanf2.o(x$fpl$scanf2) refers to scanf_infnan.o(.text) for _scanf_really_infnan
    scanf2b.o(x$fpl$scanf2) refers to scanf_hexfp.o(.text) for _scanf_really_hex_real
    scanf2b.o(x$fpl$scanf2) refers to scanf_infnan.o(.text) for _scanf_really_infnan
    narrow.o(i.__mathlib_narrow) refers (Special) to usenofp.o(x$fpl$usenofp) for __I$use$fp
    narrow.o(i.__mathlib_narrow) refers to narrow.o(i.__mathlib_tofloat) for __mathlib_tofloat
    narrow.o(i.__mathlib_tofloat) refers (Special) to usenofp.o(x$fpl$usenofp) for __I$use$fp
    narrow.o(i.__mathlib_tofloat) refers to frexp.o(i.frexp) for frexp
    narrow.o(i.__mathlib_tofloat) refers to deqf.o(x$fpl$deqf) for __aeabi_cdcmpeq
    narrow.o(i.__mathlib_tofloat) refers to d2f.o(x$fpl$d2f) for __aeabi_d2f
    narrow.o(i.__mathlib_tofloat) refers to _rserrno.o(.text) for __set_errno
    narrow.o(i.__mathlib_tofloat) refers to drleqf.o(x$fpl$drleqf) for __aeabi_cdrcmple
    narrow.o(i.__softfp___mathlib_tofloat) refers (Special) to usenofp.o(x$fpl$usenofp) for __I$use$fp
    narrow.o(i.__softfp___mathlib_tofloat) refers to narrow.o(i.__mathlib_tofloat) for __mathlib_tofloat
    rtexit2.o(.ARM.Collect$$rtexit$$00000003) refers to libshutdown.o(.ARM.Collect$$libshutdown$$00000000) for __rt_lib_shutdown
    rtexit2.o(.ARM.Collect$$rtexit$$00000004) refers to sys_exit.o(.text) for _sys_exit
    rtexit2.o(.ARM.exidx) refers to rtexit2.o(.ARM.Collect$$rtexit$$00000001) for .ARM.Collect$$rtexit$$00000001
    rtexit2.o(.ARM.exidx) refers to rtexit2.o(.ARM.Collect$$rtexit$$00000003) for .ARM.Collect$$rtexit$$00000003
    rtexit2.o(.ARM.exidx) refers to rtexit2.o(.ARM.Collect$$rtexit$$00000004) for .ARM.Collect$$rtexit$$00000004
    scanf_hexfp.o(.text) refers to _chval.o(.text) for _chval
    scanf_hexfp.o(.text) refers to llshl.o(.text) for __aeabi_llsl
    scanf_hexfp.o(.text) refers to ldexp.o(i.__support_ldexp) for __support_ldexp
    scanf_hexfp.o(.text) refers to narrow.o(i.__mathlib_narrow) for __mathlib_narrow
    _get_argv_nomalloc.o(.text) refers (Special) to hrguard.o(.text) for __heap_region$guard
    _get_argv_nomalloc.o(.text) refers to defsig_rtmem_outer.o(.text) for __rt_SIGRTMEM
    _get_argv_nomalloc.o(.text) refers to sys_command.o(.text) for _sys_command_string
    d2f.o(x$fpl$d2f) refers (Special) to usenofp.o(x$fpl$usenofp) for __I$use$fp
    d2f.o(x$fpl$d2f) refers to fretinf.o(x$fpl$fretinf) for __fpl_fretinf
    d2f.o(x$fpl$d2f) refers to dnaninf.o(x$fpl$dnaninf) for __fpl_dnaninf
    drleqf.o(x$fpl$drleqf) refers (Special) to usenofp.o(x$fpl$usenofp) for __I$use$fp
    drleqf.o(x$fpl$drleqf) refers to dleqf.o(x$fpl$dleqf) for __fpl_dcmple_InfNaN
    frexp.o(i.__softfp_frexp) refers (Special) to usenofp.o(x$fpl$usenofp) for __I$use$fp
    frexp.o(i.__softfp_frexp) refers to scalbn.o(x$fpl$scalbn) for __ARM_scalbn
    frexp.o(i.frexp) refers (Special) to usenofp.o(x$fpl$usenofp) for __I$use$fp
    frexp.o(i.frexp) refers to scalbn.o(x$fpl$scalbn) for __ARM_scalbn
    sys_command.o(.text) refers (Special) to use_no_semi.o(.text) for __I$use$semihosting
    sys_command.o(.text) refers (Special) to indicate_semi.o(.text) for __semihosting_library_function
    sys_exit.o(.text) refers (Special) to use_no_semi.o(.text) for __I$use$semihosting
    sys_exit.o(.text) refers (Special) to indicate_semi.o(.text) for __semihosting_library_function
    defsig_rtmem_outer.o(.text) refers to defsig_rtmem_inner.o(.text) for __rt_SIGRTMEM_inner
    defsig_rtmem_outer.o(.text) refers to defsig_exit.o(.text) for __sig_exit
    defsig_rtmem_formal.o(.text) refers to rt_raise.o(.text) for __rt_raise
    libshutdown.o(.ARM.Collect$$libshutdown$$00000000) refers (Special) to libshutdown2.o(.ARM.Collect$$libshutdown$$00000006) for __rt_lib_shutdown_fp_trap_1
    libshutdown.o(.ARM.Collect$$libshutdown$$00000000) refers (Special) to libshutdown2.o(.ARM.Collect$$libshutdown$$0000000E) for __rt_lib_shutdown_heap_1
    libshutdown.o(.ARM.Collect$$libshutdown$$00000000) refers (Special) to libshutdown2.o(.ARM.Collect$$libshutdown$$0000000F) for __rt_lib_shutdown_return
    libshutdown.o(.ARM.Collect$$libshutdown$$00000000) refers (Special) to libshutdown2.o(.ARM.Collect$$libshutdown$$00000009) for __rt_lib_shutdown_signal_1
    libshutdown.o(.ARM.Collect$$libshutdown$$00000000) refers (Special) to libshutdown2.o(.ARM.Collect$$libshutdown$$00000003) for __rt_lib_shutdown_stdio_1
    libshutdown.o(.ARM.Collect$$libshutdown$$00000000) refers (Special) to libshutdown2.o(.ARM.Collect$$libshutdown$$0000000B) for __rt_lib_shutdown_user_alloc_1
    fretinf.o(x$fpl$fretinf) refers (Special) to usenofp.o(x$fpl$usenofp) for __I$use$fp
    scalbn.o(x$fpl$scalbn) refers (Special) to usenofp.o(x$fpl$usenofp) for __I$use$fp
    scalbn.o(x$fpl$scalbn) refers to dcheck1.o(x$fpl$dcheck1) for __fpl_dcheck_NaN1
    ldexp.o(i.__softfp_ldexp) refers (Special) to usenofp.o(x$fpl$usenofp) for __I$use$fp
    ldexp.o(i.__softfp_ldexp) refers to ldexp.o(i.ldexp) for ldexp
    ldexp.o(i.__support_ldexp) refers (Special) to usenofp.o(x$fpl$usenofp) for __I$use$fp
    ldexp.o(i.__support_ldexp) refers to ldexp.o(i.ldexp) for ldexp
    ldexp.o(i.ldexp) refers (Special) to usenofp.o(x$fpl$usenofp) for __I$use$fp
    ldexp.o(i.ldexp) refers to deqf.o(x$fpl$deqf) for __aeabi_cdcmpeq
    ldexp.o(i.ldexp) refers to scalbn.o(x$fpl$scalbn) for __ARM_scalbn
    ldexp.o(i.ldexp) refers to _rserrno.o(.text) for __set_errno
    ldexp.o(i.ldexp) refers to dunder.o(i.__mathlib_dbl_underflow) for __mathlib_dbl_underflow
    ldexp_x.o(i.____softfp_ldexp$lsc) refers (Special) to usenofp.o(x$fpl$usenofp) for __I$use$fp
    ldexp_x.o(i.____softfp_ldexp$lsc) refers to ldexp_x.o(i.__ldexp$lsc) for __ldexp$lsc
    ldexp_x.o(i.____support_ldexp$lsc) refers (Special) to usenofp.o(x$fpl$usenofp) for __I$use$fp
    ldexp_x.o(i.____support_ldexp$lsc) refers to ldexp_x.o(i.__ldexp$lsc) for __ldexp$lsc
    ldexp_x.o(i.__ldexp$lsc) refers (Special) to usenofp.o(x$fpl$usenofp) for __I$use$fp
    ldexp_x.o(i.__ldexp$lsc) refers to deqf.o(x$fpl$deqf) for __aeabi_cdcmpeq
    ldexp_x.o(i.__ldexp$lsc) refers to scalbn.o(x$fpl$scalbn) for __ARM_scalbn
    ldexp_x.o(i.__ldexp$lsc) refers to _rserrno.o(.text) for __set_errno
    ldexp_x.o(i.__ldexp$lsc) refers to qnan.o(.constdata) for __mathlib_zero
    rt_raise.o(.text) refers to __raise.o(.text) for __raise
    rt_raise.o(.text) refers to sys_exit.o(.text) for _sys_exit
    defsig_exit.o(.text) refers to sys_exit.o(.text) for _sys_exit
    defsig_rtmem_inner.o(.text) refers to defsig_general.o(.text) for __default_signal_display
    dcheck1.o(x$fpl$dcheck1) refers (Special) to usenofp.o(x$fpl$usenofp) for __I$use$fp
    dcheck1.o(x$fpl$dcheck1) refers to retnan.o(x$fpl$retnan) for __fpl_return_NaN
    dunder.o(i.__mathlib_dbl_underflow) refers to scalbn.o(x$fpl$scalbn) for __ARM_scalbn
    qnan.o(.constdata) refers (Special) to usenofp.o(x$fpl$usenofp) for __I$use$fp
    __raise.o(.text) refers to defsig.o(CL$$defsig) for __default_signal_handler
    defsig_general.o(.text) refers to sys_wrch.o(.text) for _ttywrch
    retnan.o(x$fpl$retnan) refers (Special) to usenofp.o(x$fpl$usenofp) for __I$use$fp
    retnan.o(x$fpl$retnan) refers to trapv.o(x$fpl$trapveneer) for __fpl_cmpreturn
    sys_wrch.o(.text) refers (Special) to use_no_semi.o(.text) for __I$use$semihosting
    sys_wrch.o(.text) refers (Special) to indicate_semi.o(.text) for __semihosting_library_function
    defsig.o(CL$$defsig) refers to defsig_rtmem_inner.o(.text) for __rt_SIGRTMEM_inner
    trapv.o(x$fpl$trapveneer) refers (Special) to usenofp.o(x$fpl$usenofp) for __I$use$fp
    defsig_abrt_inner.o(.text) refers to defsig_general.o(.text) for __default_signal_display
    defsig_fpe_inner.o(.text) refers to defsig_general.o(.text) for __default_signal_display
    defsig_rtred_inner.o(.text) refers to defsig_general.o(.text) for __default_signal_display
    defsig_stak_inner.o(.text) refers to defsig_general.o(.text) for __default_signal_display
    defsig_pvfn_inner.o(.text) refers to defsig_general.o(.text) for __default_signal_display
    defsig_cppl_inner.o(.text) refers to defsig_general.o(.text) for __default_signal_display
    defsig_segv_inner.o(.text) refers to defsig_general.o(.text) for __default_signal_display
    defsig_other.o(.text) refers to defsig_general.o(.text) for __default_signal_display


==============================================================================

Image Symbol Table

    Local Symbols

    Symbol Name                              Value     Ov Type        Size  Object(Section)

    RESET                                    0x00000000   Section      620  startup_tm4c123.o(RESET)
    ../clib/angel/boardlib.s                 0x00000000   Number         0  boardinit2.o ABSOLUTE
    ../clib/angel/boardlib.s                 0x00000000   Number         0  boardinit3.o ABSOLUTE
    ../clib/angel/boardlib.s                 0x00000000   Number         0  boardinit1.o ABSOLUTE
    ../clib/angel/boardlib.s                 0x00000000   Number         0  boardshut.o ABSOLUTE
    ../clib/angel/handlers.s                 0x00000000   Number         0  __scatter_copy.o ABSOLUTE
    ../clib/angel/handlers.s                 0x00000000   Number         0  __scatter_zi.o ABSOLUTE
    ../clib/angel/kernel.s                   0x00000000   Number         0  rtexit.o ABSOLUTE
    ../clib/angel/kernel.s                   0x00000000   Number         0  rtexit2.o ABSOLUTE
    ../clib/angel/kernel.s                   0x00000000   Number         0  rtentry4.o ABSOLUTE
    ../clib/angel/kernel.s                   0x00000000   Number         0  rtentry2.o ABSOLUTE
    ../clib/angel/kernel.s                   0x00000000   Number         0  rtentry.o ABSOLUTE
    ../clib/angel/rt.s                       0x00000000   Number         0  rt_raise.o ABSOLUTE
    ../clib/angel/rt.s                       0x00000000   Number         0  rt_ctype_table.o ABSOLUTE
    ../clib/angel/rt.s                       0x00000000   Number         0  rt_errno_addr_intlibspace.o ABSOLUTE
    ../clib/angel/rt.s                       0x00000000   Number         0  rt_errno_addr.o ABSOLUTE
    ../clib/angel/rt.s                       0x00000000   Number         0  rt_locale.o ABSOLUTE
    ../clib/angel/rt.s                       0x00000000   Number         0  rt_locale_intlibspace.o ABSOLUTE
    ../clib/angel/scatter.s                  0x00000000   Number         0  __scatter.o ABSOLUTE
    ../clib/angel/startup.s                  0x00000000   Number         0  __main.o ABSOLUTE
    ../clib/angel/sys.s                      0x00000000   Number         0  indicate_semi.o ABSOLUTE
    ../clib/angel/sys.s                      0x00000000   Number         0  sys_stackheap_outer.o ABSOLUTE
    ../clib/angel/sys.s                      0x00000000   Number         0  libspace.o ABSOLUTE
    ../clib/angel/sys.s                      0x00000000   Number         0  use_no_semi.o ABSOLUTE
    ../clib/angel/sysapp.c                   0x00000000   Number         0  sys_wrch.o ABSOLUTE
    ../clib/angel/sysapp.c                   0x00000000   Number         0  sys_command.o ABSOLUTE
    ../clib/angel/sysapp.c                   0x00000000   Number         0  sys_exit.o ABSOLUTE
    ../clib/armsys.c                         0x00000000   Number         0  no_argv.o ABSOLUTE
    ../clib/armsys.c                         0x00000000   Number         0  argv_veneer.o ABSOLUTE
    ../clib/armsys.c                         0x00000000   Number         0  argv_veneer.o ABSOLUTE
    ../clib/armsys.c                         0x00000000   Number         0  _get_argv_nomalloc.o ABSOLUTE
    ../clib/bigflt.c                         0x00000000   Number         0  bigflt0.o ABSOLUTE
    ../clib/btod.s                           0x00000000   Number         0  btod.o ABSOLUTE
    ../clib/ctype.c                          0x00000000   Number         0  isspace.o ABSOLUTE
    ../clib/fenv.c                           0x00000000   Number         0  _rserrno.o ABSOLUTE
    ../clib/heapalloc.c                      0x00000000   Number         0  hrguard.o ABSOLUTE
    ../clib/heapaux.c                        0x00000000   Number         0  heapauxi.o ABSOLUTE
    ../clib/libinit.s                        0x00000000   Number         0  libinit2.o ABSOLUTE
    ../clib/libinit.s                        0x00000000   Number         0  libinit.o ABSOLUTE
    ../clib/libinit.s                        0x00000000   Number         0  libshutdown2.o ABSOLUTE
    ../clib/libinit.s                        0x00000000   Number         0  libshutdown.o ABSOLUTE
    ../clib/locale.s                         0x00000000   Number         0  lc_numeric_c.o ABSOLUTE
    ../clib/locale.s                         0x00000000   Number         0  lc_ctype_c.o ABSOLUTE
    ../clib/longlong.s                       0x00000000   Number         0  llshl.o ABSOLUTE
    ../clib/longlong.s                       0x00000000   Number         0  lludiv10.o ABSOLUTE
    ../clib/memcpset.s                       0x00000000   Number         0  strcmpv7m.o ABSOLUTE
    ../clib/misc.s                           0x00000000   Number         0  printf_stubs.o ABSOLUTE
    ../clib/printf.c                         0x00000000   Number         0  __printf_flags_ss.o ABSOLUTE
    ../clib/printf.c                         0x00000000   Number         0  __2sprintf.o ABSOLUTE
    ../clib/printf.c                         0x00000000   Number         0  noretval__2sprintf.o ABSOLUTE
    ../clib/printf.c                         0x00000000   Number         0  __printf.o ABSOLUTE
    ../clib/printf.c                         0x00000000   Number         0  __printf_flags.o ABSOLUTE
    ../clib/printf.c                         0x00000000   Number         0  __printf_ss.o ABSOLUTE
    ../clib/printf.c                         0x00000000   Number         0  _sputc.o ABSOLUTE
    ../clib/printf.c                         0x00000000   Number         0  __printf_wp.o ABSOLUTE
    ../clib/printf.c                         0x00000000   Number         0  __printf_flags_wp.o ABSOLUTE
    ../clib/printf.c                         0x00000000   Number         0  __printf_ss_wp.o ABSOLUTE
    ../clib/printf.c                         0x00000000   Number         0  __printf_flags_ss_wp.o ABSOLUTE
    ../clib/printf.c                         0x00000000   Number         0  _printf_fp_dec.o ABSOLUTE
    ../clib/printf.c                         0x00000000   Number         0  __printf_nopercent.o ABSOLUTE
    ../clib/printf.c                         0x00000000   Number         0  _printf_char_common.o ABSOLUTE
    ../clib/printf.c                         0x00000000   Number         0  _printf_fp_infnan.o ABSOLUTE
    ../clib/printf_percent.s                 0x00000000   Number         0  _printf_percent.o ABSOLUTE
    ../clib/printf_percent.s                 0x00000000   Number         0  _printf_f.o ABSOLUTE
    ../clib/printf_percent.s                 0x00000000   Number         0  _printf_percent_end.o ABSOLUTE
    ../clib/scanf.c                          0x00000000   Number         0  scanf_fp.o ABSOLUTE
    ../clib/scanf.c                          0x00000000   Number         0  scanf_hexfp.o ABSOLUTE
    ../clib/scanf.c                          0x00000000   Number         0  scanf_infnan.o ABSOLUTE
    ../clib/scanf.c                          0x00000000   Number         0  strtod.o ABSOLUTE
    ../clib/scanf.c                          0x00000000   Number         0  _sgetc.o ABSOLUTE
    ../clib/scanf.c                          0x00000000   Number         0  _chval.o ABSOLUTE
    ../clib/signal.c                         0x00000000   Number         0  defsig_general.o ABSOLUTE
    ../clib/signal.c                         0x00000000   Number         0  defsig_cppl_inner.o ABSOLUTE
    ../clib/signal.c                         0x00000000   Number         0  defsig_segv_inner.o ABSOLUTE
    ../clib/signal.c                         0x00000000   Number         0  defsig_fpe_inner.o ABSOLUTE
    ../clib/signal.c                         0x00000000   Number         0  defsig_rtmem_inner.o ABSOLUTE
    ../clib/signal.c                         0x00000000   Number         0  __raise.o ABSOLUTE
    ../clib/signal.c                         0x00000000   Number         0  defsig_other.o ABSOLUTE
    ../clib/signal.c                         0x00000000   Number         0  defsig_pvfn_inner.o ABSOLUTE
    ../clib/signal.c                         0x00000000   Number         0  defsig_stak_inner.o ABSOLUTE
    ../clib/signal.c                         0x00000000   Number         0  defsig_rtred_inner.o ABSOLUTE
    ../clib/signal.c                         0x00000000   Number         0  defsig_abrt_inner.o ABSOLUTE
    ../clib/signal.c                         0x00000000   Number         0  defsig_exit.o ABSOLUTE
    ../clib/signal.c                         0x00000000   Number         0  defsig_rtmem_outer.o ABSOLUTE
    ../clib/signal.c                         0x00000000   Number         0  defsig_rtmem_formal.o ABSOLUTE
    ../clib/signal.s                         0x00000000   Number         0  defsig.o ABSOLUTE
    ../clib/stdlib.c                         0x00000000   Number         0  exit.o ABSOLUTE
    ../fplib/d2f.s                           0x00000000   Number         0  d2f.o ABSOLUTE
    ../fplib/daddsub.s                       0x00000000   Number         0  daddsub_clz.o ABSOLUTE
    ../fplib/dcheck1.s                       0x00000000   Number         0  dcheck1.o ABSOLUTE
    ../fplib/dcmpi.s                         0x00000000   Number         0  dcmpi.o ABSOLUTE
    ../fplib/ddiv.s                          0x00000000   Number         0  ddiv.o ABSOLUTE
    ../fplib/deqf.s                          0x00000000   Number         0  deqf.o ABSOLUTE
    ../fplib/dleqf.s                         0x00000000   Number         0  dleqf.o ABSOLUTE
    ../fplib/dmul.s                          0x00000000   Number         0  dmul.o ABSOLUTE
    ../fplib/dnaninf.s                       0x00000000   Number         0  dnaninf.o ABSOLUTE
    ../fplib/dretinf.s                       0x00000000   Number         0  dretinf.o ABSOLUTE
    ../fplib/drleqf.s                        0x00000000   Number         0  drleqf.o ABSOLUTE
    ../fplib/dsqrt.s                         0x00000000   Number         0  dsqrt_umaal.o ABSOLUTE
    ../fplib/fpconst.s                       0x00000000   Number         0  fpconst.o ABSOLUTE
    ../fplib/fpinit.s                        0x00000000   Number         0  fpinit.o ABSOLUTE
    ../fplib/fretinf.s                       0x00000000   Number         0  fretinf.o ABSOLUTE
    ../fplib/istatus.s                       0x00000000   Number         0  istatus.o ABSOLUTE
    ../fplib/printf1.s                       0x00000000   Number         0  printf1.o ABSOLUTE
    ../fplib/retnan.s                        0x00000000   Number         0  retnan.o ABSOLUTE
    ../fplib/scalbn.s                        0x00000000   Number         0  scalbn.o ABSOLUTE
    ../fplib/scanf1.s                        0x00000000   Number         0  scanf1.o ABSOLUTE
    ../fplib/scanf2.s                        0x00000000   Number         0  scanf2.o ABSOLUTE
    ../fplib/scanf2a.s                       0x00000000   Number         0  scanf2a.o ABSOLUTE
    ../fplib/scanf2b.s                       0x00000000   Number         0  scanf2b.o ABSOLUTE
    ../fplib/trapv.s                         0x00000000   Number         0  trapv.o ABSOLUTE
    ../fplib/usenofp.s                       0x00000000   Number         0  usenofp.o ABSOLUTE
    ../mathlib/atof.c                        0x00000000   Number         0  atof.o ABSOLUTE
    ../mathlib/dunder.c                      0x00000000   Number         0  dunder.o ABSOLUTE
    ../mathlib/fpclassify.c                  0x00000000   Number         0  fpclassify.o ABSOLUTE
    ../mathlib/frexp.c                       0x00000000   Number         0  frexp.o ABSOLUTE
    ../mathlib/ldexp.c                       0x00000000   Number         0  ldexp.o ABSOLUTE
    ../mathlib/ldexp.c                       0x00000000   Number         0  ldexp_x.o ABSOLUTE
    ../mathlib/narrow.c                      0x00000000   Number         0  narrow.o ABSOLUTE
    ../mathlib/qnan.c                        0x00000000   Number         0  qnan.o ABSOLUTE
    ../mathlib/sqrt.c                        0x00000000   Number         0  sqrt_x.o ABSOLUTE
    ../mathlib/sqrt.c                        0x00000000   Number         0  sqrt.o ABSOLUTE
    dc.s                                     0x00000000   Number         0  dc.o ABSOLUTE
    main.c                                   0x00000000   Number         0  main.o ABSOLUTE
    startup_TM4C123.s                        0x00000000   Number         0  startup_tm4c123.o ABSOLUTE
    !!!main                                  0x0000026c   Section        8  __main.o(!!!main)
    !!!scatter                               0x00000274   Section       52  __scatter.o(!!!scatter)
    !!handler_copy                           0x000002a8   Section       26  __scatter_copy.o(!!handler_copy)
    !!handler_zi                             0x000002c4   Section       28  __scatter_zi.o(!!handler_zi)
    .ARM.Collect$$_printf_percent$$00000000  0x000002e0   Section        0  _printf_percent.o(.ARM.Collect$$_printf_percent$$00000000)
    .ARM.Collect$$_printf_percent$$00000003  0x000002e0   Section        6  _printf_f.o(.ARM.Collect$$_printf_percent$$00000003)
    .ARM.Collect$$_printf_percent$$00000017  0x000002e6   Section        4  _printf_percent_end.o(.ARM.Collect$$_printf_percent$$00000017)
    .ARM.Collect$$libinit$$00000000          0x000002ea   Section        2  libinit.o(.ARM.Collect$$libinit$$00000000)
    .ARM.Collect$$libinit$$00000002          0x000002ec   Section        0  libinit2.o(.ARM.Collect$$libinit$$00000002)
    .ARM.Collect$$libinit$$00000008          0x000002ec   Section        0  libinit2.o(.ARM.Collect$$libinit$$00000008)
    .ARM.Collect$$libinit$$0000000A          0x000002ec   Section        0  libinit2.o(.ARM.Collect$$libinit$$0000000A)
    .ARM.Collect$$libinit$$0000000C          0x000002ec   Section        0  libinit2.o(.ARM.Collect$$libinit$$0000000C)
    .ARM.Collect$$libinit$$0000000D          0x000002ec   Section        6  libinit2.o(.ARM.Collect$$libinit$$0000000D)
    .ARM.Collect$$libinit$$0000000F          0x000002f2   Section        0  libinit2.o(.ARM.Collect$$libinit$$0000000F)
    .ARM.Collect$$libinit$$00000010          0x000002f2   Section       12  libinit2.o(.ARM.Collect$$libinit$$00000010)
    .ARM.Collect$$libinit$$00000011          0x000002fe   Section        0  libinit2.o(.ARM.Collect$$libinit$$00000011)
    .ARM.Collect$$libinit$$00000013          0x000002fe   Section        0  libinit2.o(.ARM.Collect$$libinit$$00000013)
    .ARM.Collect$$libinit$$00000014          0x000002fe   Section       10  libinit2.o(.ARM.Collect$$libinit$$00000014)
    .ARM.Collect$$libinit$$00000015          0x00000308   Section        0  libinit2.o(.ARM.Collect$$libinit$$00000015)
    .ARM.Collect$$libinit$$00000017          0x00000308   Section        0  libinit2.o(.ARM.Collect$$libinit$$00000017)
    .ARM.Collect$$libinit$$00000019          0x00000308   Section        0  libinit2.o(.ARM.Collect$$libinit$$00000019)
    .ARM.Collect$$libinit$$0000001B          0x00000308   Section        0  libinit2.o(.ARM.Collect$$libinit$$0000001B)
    .ARM.Collect$$libinit$$0000001D          0x00000308   Section        0  libinit2.o(.ARM.Collect$$libinit$$0000001D)
    .ARM.Collect$$libinit$$0000001F          0x00000308   Section        0  libinit2.o(.ARM.Collect$$libinit$$0000001F)
    .ARM.Collect$$libinit$$00000021          0x00000308   Section        0  libinit2.o(.ARM.Collect$$libinit$$00000021)
    .ARM.Collect$$libinit$$00000023          0x00000308   Section        0  libinit2.o(.ARM.Collect$$libinit$$00000023)
    .ARM.Collect$$libinit$$0000002A          0x00000308   Section        0  libinit2.o(.ARM.Collect$$libinit$$0000002A)
    .ARM.Collect$$libinit$$0000002C          0x00000308   Section        0  libinit2.o(.ARM.Collect$$libinit$$0000002C)
    .ARM.Collect$$libinit$$0000002E          0x00000308   Section        0  libinit2.o(.ARM.Collect$$libinit$$0000002E)
    .ARM.Collect$$libinit$$00000030          0x00000308   Section        0  libinit2.o(.ARM.Collect$$libinit$$00000030)
    .ARM.Collect$$libinit$$00000031          0x00000308   Section        2  libinit2.o(.ARM.Collect$$libinit$$00000031)
    .ARM.Collect$$libshutdown$$00000000      0x0000030a   Section        2  libshutdown.o(.ARM.Collect$$libshutdown$$00000000)
    .ARM.Collect$$libshutdown$$00000003      0x0000030c   Section        0  libshutdown2.o(.ARM.Collect$$libshutdown$$00000003)
    .ARM.Collect$$libshutdown$$00000006      0x0000030c   Section        0  libshutdown2.o(.ARM.Collect$$libshutdown$$00000006)
    .ARM.Collect$$libshutdown$$00000009      0x0000030c   Section        0  libshutdown2.o(.ARM.Collect$$libshutdown$$00000009)
    .ARM.Collect$$libshutdown$$0000000B      0x0000030c   Section        0  libshutdown2.o(.ARM.Collect$$libshutdown$$0000000B)
    .ARM.Collect$$libshutdown$$0000000E      0x0000030c   Section        0  libshutdown2.o(.ARM.Collect$$libshutdown$$0000000E)
    .ARM.Collect$$libshutdown$$0000000F      0x0000030c   Section        2  libshutdown2.o(.ARM.Collect$$libshutdown$$0000000F)
    .ARM.Collect$$rtentry$$00000000          0x0000030e   Section        0  rtentry.o(.ARM.Collect$$rtentry$$00000000)
    .ARM.Collect$$rtentry$$00000002          0x0000030e   Section        0  rtentry2.o(.ARM.Collect$$rtentry$$00000002)
    .ARM.Collect$$rtentry$$00000004          0x0000030e   Section        6  rtentry4.o(.ARM.Collect$$rtentry$$00000004)
    .ARM.Collect$$rtentry$$00000009          0x00000314   Section        0  rtentry2.o(.ARM.Collect$$rtentry$$00000009)
    .ARM.Collect$$rtentry$$0000000A          0x00000314   Section        4  rtentry2.o(.ARM.Collect$$rtentry$$0000000A)
    .ARM.Collect$$rtentry$$0000000C          0x00000318   Section        0  rtentry2.o(.ARM.Collect$$rtentry$$0000000C)
    .ARM.Collect$$rtentry$$0000000D          0x00000318   Section        8  rtentry2.o(.ARM.Collect$$rtentry$$0000000D)
    .ARM.Collect$$rtexit$$00000000           0x00000320   Section        2  rtexit.o(.ARM.Collect$$rtexit$$00000000)
    .ARM.Collect$$rtexit$$00000002           0x00000322   Section        0  rtexit2.o(.ARM.Collect$$rtexit$$00000002)
    .ARM.Collect$$rtexit$$00000003           0x00000322   Section        4  rtexit2.o(.ARM.Collect$$rtexit$$00000003)
    .ARM.Collect$$rtexit$$00000004           0x00000326   Section        6  rtexit2.o(.ARM.Collect$$rtexit$$00000004)
    .text                                    0x0000032c   Section      276  startup_tm4c123.o(.text)
    .text                                    0x00000440   Section        0  main.o(.text)
    .text                                    0x00000ba8   Section        0  noretval__2sprintf.o(.text)
    .text                                    0x00000bd0   Section        0  __printf_wp.o(.text)
    .text                                    0x00000cde   Section        0  heapauxi.o(.text)
    .text                                    0x00000ce4   Section        0  _rserrno.o(.text)
    .text                                    0x00000cfa   Section        0  _printf_fp_dec.o(.text)
    _fp_digits                               0x00000cfd   Thumb Code   426  _printf_fp_dec.o(.text)
    .text                                    0x0000111c   Section        0  _printf_char_common.o(.text)
    _printf_input_char                       0x0000111d   Thumb Code    10  _printf_char_common.o(.text)
    .text                                    0x0000114c   Section        0  _sputc.o(.text)
    .text                                    0x00001158   Section        0  strtod.o(.text)
    _local_sscanf                            0x00001159   Thumb Code    60  strtod.o(.text)
    .text                                    0x000011f8   Section        8  rt_locale_intlibspace.o(.text)
    .text                                    0x00001200   Section        8  rt_errno_addr_intlibspace.o(.text)
    .text                                    0x00001208   Section      138  lludiv10.o(.text)
    .text                                    0x00001292   Section        0  isspace.o(.text)
    .text                                    0x000012a4   Section        0  _printf_fp_infnan.o(.text)
    .text                                    0x00001324   Section        0  _sgetc.o(.text)
    .text                                    0x00001364   Section        0  bigflt0.o(.text)
    .text                                    0x00001448   Section        8  libspace.o(.text)
    .text                                    0x00001450   Section       74  sys_stackheap_outer.o(.text)
    .text                                    0x0000149c   Section       16  rt_ctype_table.o(.text)
    .text                                    0x000014ac   Section        0  scanf_fp.o(.text)
    _fp_value                                0x000014ad   Thumb Code   504  scanf_fp.o(.text)
    .text                                    0x00001950   Section        0  exit.o(.text)
    .text                                    0x0000195c   Section      128  strcmpv7m.o(.text)
    .text                                    0x000019dc   Section        0  scanf_hexfp.o(.text)
    .text                                    0x00001cf0   Section        0  scanf_infnan.o(.text)
    .text                                    0x00001e2c   Section        0  sys_exit.o(.text)
    .text                                    0x00001e38   Section       38  llshl.o(.text)
    .text                                    0x00001e5e   Section        0  _chval.o(.text)
    .text                                    0x00001e7a   Section        2  use_no_semi.o(.text)
    .text                                    0x00001e7c   Section        0  indicate_semi.o(.text)
    CL$$btod_d2e                             0x00001e7c   Section       62  btod.o(CL$$btod_d2e)
    CL$$btod_d2e_denorm_low                  0x00001eba   Section       70  btod.o(CL$$btod_d2e_denorm_low)
    CL$$btod_d2e_norm_op1                    0x00001f00   Section       96  btod.o(CL$$btod_d2e_norm_op1)
    CL$$btod_div_common                      0x00001f60   Section      824  btod.o(CL$$btod_div_common)
    CL$$btod_e2d                             0x00002298   Section       84  btod.o(CL$$btod_e2d)
    CL$$btod_e2e                             0x000022ec   Section      198  btod.o(CL$$btod_e2e)
    CL$$btod_ediv                            0x000023b2   Section       40  btod.o(CL$$btod_ediv)
    CL$$btod_edivd                           0x000023da   Section       40  btod.o(CL$$btod_edivd)
    CL$$btod_emul                            0x00002402   Section       40  btod.o(CL$$btod_emul)
    CL$$btod_emuld                           0x0000242a   Section       40  btod.o(CL$$btod_emuld)
    CL$$btod_mult_common                     0x00002452   Section      580  btod.o(CL$$btod_mult_common)
    i.__ARM_fpclassify                       0x00002696   Section        0  fpclassify.o(i.__ARM_fpclassify)
    i.__mathlib_dbl_underflow                0x000026c0   Section        0  dunder.o(i.__mathlib_dbl_underflow)
    i.__mathlib_narrow                       0x000026d0   Section        0  narrow.o(i.__mathlib_narrow)
    i.__mathlib_tofloat                      0x000026e0   Section        0  narrow.o(i.__mathlib_tofloat)
    i.__support_ldexp                        0x00002768   Section        0  ldexp.o(i.__support_ldexp)
    i._is_digit                              0x0000277e   Section        0  __printf_wp.o(i._is_digit)
    i.atof                                   0x0000278c   Section        0  atof.o(i.atof)
    i.frexp                                  0x000027b8   Section        0  frexp.o(i.frexp)
    i.ldexp                                  0x00002810   Section        0  ldexp.o(i.ldexp)
    i.sqrt                                   0x0000288e   Section        0  sqrt.o(i.sqrt)
    locale$$code                             0x000028dc   Section       44  lc_numeric_c.o(locale$$code)
    locale$$code                             0x00002908   Section       44  lc_ctype_c.o(locale$$code)
    x$fpl$d2f                                0x00002934   Section       98  d2f.o(x$fpl$d2f)
    x$fpl$dadd                               0x00002998   Section      336  daddsub_clz.o(x$fpl$dadd)
    _dadd1                                   0x000029a9   Thumb Code     0  daddsub_clz.o(x$fpl$dadd)
    x$fpl$dcheck1                            0x00002ae8   Section       16  dcheck1.o(x$fpl$dcheck1)
    x$fpl$dcmpinf                            0x00002af8   Section       24  dcmpi.o(x$fpl$dcmpinf)
    x$fpl$ddiv                               0x00002b10   Section      688  ddiv.o(x$fpl$ddiv)
    ddiv_entry                               0x00002b17   Thumb Code     0  ddiv.o(x$fpl$ddiv)
    x$fpl$deqf                               0x00002dc0   Section      120  deqf.o(x$fpl$deqf)
    x$fpl$dleqf                              0x00002e38   Section      120  dleqf.o(x$fpl$dleqf)
    x$fpl$dmul                               0x00002eb0   Section      340  dmul.o(x$fpl$dmul)
    x$fpl$dnaninf                            0x00003004   Section      156  dnaninf.o(x$fpl$dnaninf)
    x$fpl$dretinf                            0x000030a0   Section       12  dretinf.o(x$fpl$dretinf)
    x$fpl$drleqf                             0x000030ac   Section      108  drleqf.o(x$fpl$drleqf)
    x$fpl$drsb                               0x00003118   Section       22  daddsub_clz.o(x$fpl$drsb)
    x$fpl$dsqrt                              0x00003130   Section      408  dsqrt_umaal.o(x$fpl$dsqrt)
    x$fpl$dsub                               0x000032c8   Section      468  daddsub_clz.o(x$fpl$dsub)
    _dsub1                                   0x000032d9   Thumb Code     0  daddsub_clz.o(x$fpl$dsub)
    x$fpl$fretinf                            0x0000349c   Section       10  fretinf.o(x$fpl$fretinf)
    x$fpl$printf1                            0x000034a6   Section        4  printf1.o(x$fpl$printf1)
    x$fpl$retnan                             0x000034aa   Section      100  retnan.o(x$fpl$retnan)
    x$fpl$scalbn                             0x0000350e   Section       92  scalbn.o(x$fpl$scalbn)
    x$fpl$scanf1                             0x0000356a   Section        4  scanf1.o(x$fpl$scanf1)
    x$fpl$scanf2                             0x0000356e   Section        8  scanf2.o(x$fpl$scanf2)
    x$fpl$trapveneer                         0x00003576   Section       48  trapv.o(x$fpl$trapveneer)
    x$fpl$usenofp                            0x000035a6   Section        0  usenofp.o(x$fpl$usenofp)
    .constdata                               0x000035a8   Section      148  bigflt0.o(.constdata)
    tenpwrs_x                                0x000035a8   Data          60  bigflt0.o(.constdata)
    tenpwrs_i                                0x000035e4   Data          64  bigflt0.o(.constdata)
    c$$dinf                                  0x0000365c   Section        8  fpconst.o(c$$dinf)
    locale$$data                             0x00003664   Section       28  lc_numeric_c.o(locale$$data)
    __lcnum_c_name                           0x00003668   Data           2  lc_numeric_c.o(locale$$data)
    __lcnum_c_start                          0x00003670   Data           0  lc_numeric_c.o(locale$$data)
    __lcnum_c_point                          0x0000367c   Data           0  lc_numeric_c.o(locale$$data)
    __lcnum_c_thousands                      0x0000367e   Data           0  lc_numeric_c.o(locale$$data)
    __lcnum_c_grouping                       0x0000367f   Data           0  lc_numeric_c.o(locale$$data)
    locale$$data                             0x00003680   Section      272  lc_ctype_c.o(locale$$data)
    __lcnum_c_end                            0x00003680   Data           0  lc_numeric_c.o(locale$$data)
    __lcctype_c_name                         0x00003684   Data           2  lc_ctype_c.o(locale$$data)
    __lcctype_c_start                        0x0000368c   Data           0  lc_ctype_c.o(locale$$data)
    __lcctype_c_end                          0x00003790   Data           0  lc_ctype_c.o(locale$$data)
    .data                                    0x20000000   Section       40  main.o(.data)
    .bss                                     0x20000028   Section       40  main.o(.bss)
    .bss                                     0x20000050   Section       96  libspace.o(.bss)
    HEAP                                     0x200000b0   Section        0  startup_tm4c123.o(HEAP)
    STACK                                    0x200000b0   Section      512  startup_tm4c123.o(STACK)
    Heap_Mem                                 0x200000b0   Data           0  startup_tm4c123.o(HEAP)
    Stack_Mem                                0x200000b0   Data         512  startup_tm4c123.o(STACK)
    __initial_sp                             0x200002b0   Data           0  startup_tm4c123.o(STACK)

    Global Symbols

    Symbol Name                              Value     Ov Type        Size  Object(Section)

    BuildAttributes$$THM_ISAv4$E$P$D$K$B$S$7EM$PE$A:L22UL41UL21$X:L11$S22US41US21$IEEE1$IW$USESV6$~STKCKD$USESV7$~SHL$OTIME$ROPI$IEEEX$EBA8$UX$STANDARDLIB$REQ8$PRES8$EABIv2 0x00000000   Number         0  anon$$obj.o ABSOLUTE
    __ARM_use_no_argv                        0x00000000   Number         0  main.o ABSOLUTE
    __Vectors                                0x00000000   Data           4  startup_tm4c123.o(RESET)
    _printf_flags                            0x00000000   Number         0  printf_stubs.o ABSOLUTE
    _printf_return_value                     0x00000000   Number         0  printf_stubs.o ABSOLUTE
    _printf_sizespec                         0x00000000   Number         0  printf_stubs.o ABSOLUTE
    _printf_widthprec                        0x00000000   Number         0  printf_stubs.o ABSOLUTE
    __ARM_exceptions_init                     - Undefined Weak Reference
    __alloca_initialize                       - Undefined Weak Reference
    __cpp_initialize__aeabi_                  - Undefined Weak Reference
    __cxa_finalize                            - Undefined Weak Reference
    __sigvec_lookup                           - Undefined Weak Reference
    _atexit_init                              - Undefined Weak Reference
    _call_atexit_fns                          - Undefined Weak Reference
    _clock_init                               - Undefined Weak Reference
    _fp_trap_init                             - Undefined Weak Reference
    _fp_trap_shutdown                         - Undefined Weak Reference
    _get_lc_collate                           - Undefined Weak Reference
    _get_lc_monetary                          - Undefined Weak Reference
    _get_lc_time                              - Undefined Weak Reference
    _getenv_init                              - Undefined Weak Reference
    _handle_redirection                       - Undefined Weak Reference
    _init_alloc                               - Undefined Weak Reference
    _init_user_alloc                          - Undefined Weak Reference
    _initio                                   - Undefined Weak Reference
    _printf_post_padding                      - Undefined Weak Reference
    _printf_pre_padding                       - Undefined Weak Reference
    _rand_init                                - Undefined Weak Reference
    _signal_finish                            - Undefined Weak Reference
    _signal_init                              - Undefined Weak Reference
    _terminate_alloc                          - Undefined Weak Reference
    _terminate_user_alloc                     - Undefined Weak Reference
    _terminateio                              - Undefined Weak Reference
    __Vectors_End                            0x0000026c   Data           0  startup_tm4c123.o(RESET)
    __Vectors_Size                           0x0000026c   Number         0  startup_tm4c123.o ABSOLUTE
    __main                                   0x0000026d   Thumb Code     8  __main.o(!!!main)
    __scatterload                            0x00000275   Thumb Code     0  __scatter.o(!!!scatter)
    __scatterload_rt2                        0x00000275   Thumb Code    44  __scatter.o(!!!scatter)
    __scatterload_rt2_thumb_only             0x00000275   Thumb Code     0  __scatter.o(!!!scatter)
    __scatterload_null                       0x00000283   Thumb Code     0  __scatter.o(!!!scatter)
    __scatterload_copy                       0x000002a9   Thumb Code    26  __scatter_copy.o(!!handler_copy)
    __scatterload_zeroinit                   0x000002c5   Thumb Code    28  __scatter_zi.o(!!handler_zi)
    _printf_f                                0x000002e1   Thumb Code     0  _printf_f.o(.ARM.Collect$$_printf_percent$$00000003)
    _printf_percent                          0x000002e1   Thumb Code     0  _printf_percent.o(.ARM.Collect$$_printf_percent$$00000000)
    _printf_percent_end                      0x000002e7   Thumb Code     0  _printf_percent_end.o(.ARM.Collect$$_printf_percent$$00000017)
    __rt_lib_init                            0x000002eb   Thumb Code     0  libinit.o(.ARM.Collect$$libinit$$00000000)
    __rt_lib_init_fp_1                       0x000002ed   Thumb Code     0  libinit2.o(.ARM.Collect$$libinit$$00000002)
    __rt_lib_init_heap_1                     0x000002ed   Thumb Code     0  libinit2.o(.ARM.Collect$$libinit$$00000008)
    __rt_lib_init_lc_common                  0x000002ed   Thumb Code     0  libinit2.o(.ARM.Collect$$libinit$$0000000D)
    __rt_lib_init_rand_1                     0x000002ed   Thumb Code     0  libinit2.o(.ARM.Collect$$libinit$$0000000C)
    __rt_lib_init_user_alloc_1               0x000002ed   Thumb Code     0  libinit2.o(.ARM.Collect$$libinit$$0000000A)
    __rt_lib_init_lc_collate_1               0x000002f3   Thumb Code     0  libinit2.o(.ARM.Collect$$libinit$$0000000F)
    __rt_lib_init_lc_ctype_2                 0x000002f3   Thumb Code     0  libinit2.o(.ARM.Collect$$libinit$$00000010)
    __rt_lib_init_lc_ctype_1                 0x000002ff   Thumb Code     0  libinit2.o(.ARM.Collect$$libinit$$00000011)
    __rt_lib_init_lc_monetary_1              0x000002ff   Thumb Code     0  libinit2.o(.ARM.Collect$$libinit$$00000013)
    __rt_lib_init_lc_numeric_2               0x000002ff   Thumb Code     0  libinit2.o(.ARM.Collect$$libinit$$00000014)
    __rt_lib_init_alloca_1                   0x00000309   Thumb Code     0  libinit2.o(.ARM.Collect$$libinit$$0000002C)
    __rt_lib_init_argv_1                     0x00000309   Thumb Code     0  libinit2.o(.ARM.Collect$$libinit$$0000002A)
    __rt_lib_init_atexit_1                   0x00000309   Thumb Code     0  libinit2.o(.ARM.Collect$$libinit$$00000019)
    __rt_lib_init_clock_1                    0x00000309   Thumb Code     0  libinit2.o(.ARM.Collect$$libinit$$0000001F)
    __rt_lib_init_cpp_1                      0x00000309   Thumb Code     0  libinit2.o(.ARM.Collect$$libinit$$00000030)
    __rt_lib_init_exceptions_1               0x00000309   Thumb Code     0  libinit2.o(.ARM.Collect$$libinit$$0000002E)
    __rt_lib_init_fp_trap_1                  0x00000309   Thumb Code     0  libinit2.o(.ARM.Collect$$libinit$$0000001D)
    __rt_lib_init_getenv_1                   0x00000309   Thumb Code     0  libinit2.o(.ARM.Collect$$libinit$$00000021)
    __rt_lib_init_lc_numeric_1               0x00000309   Thumb Code     0  libinit2.o(.ARM.Collect$$libinit$$00000015)
    __rt_lib_init_lc_time_1                  0x00000309   Thumb Code     0  libinit2.o(.ARM.Collect$$libinit$$00000017)
    __rt_lib_init_return                     0x00000309   Thumb Code     0  libinit2.o(.ARM.Collect$$libinit$$00000031)
    __rt_lib_init_signal_1                   0x00000309   Thumb Code     0  libinit2.o(.ARM.Collect$$libinit$$0000001B)
    __rt_lib_init_stdio_1                    0x00000309   Thumb Code     0  libinit2.o(.ARM.Collect$$libinit$$00000023)
    __rt_lib_shutdown                        0x0000030b   Thumb Code     0  libshutdown.o(.ARM.Collect$$libshutdown$$00000000)
    __rt_lib_shutdown_fp_trap_1              0x0000030d   Thumb Code     0  libshutdown2.o(.ARM.Collect$$libshutdown$$00000006)
    __rt_lib_shutdown_heap_1                 0x0000030d   Thumb Code     0  libshutdown2.o(.ARM.Collect$$libshutdown$$0000000E)
    __rt_lib_shutdown_return                 0x0000030d   Thumb Code     0  libshutdown2.o(.ARM.Collect$$libshutdown$$0000000F)
    __rt_lib_shutdown_signal_1               0x0000030d   Thumb Code     0  libshutdown2.o(.ARM.Collect$$libshutdown$$00000009)
    __rt_lib_shutdown_stdio_1                0x0000030d   Thumb Code     0  libshutdown2.o(.ARM.Collect$$libshutdown$$00000003)
    __rt_lib_shutdown_user_alloc_1           0x0000030d   Thumb Code     0  libshutdown2.o(.ARM.Collect$$libshutdown$$0000000B)
    __rt_entry                               0x0000030f   Thumb Code     0  rtentry.o(.ARM.Collect$$rtentry$$00000000)
    __rt_entry_presh_1                       0x0000030f   Thumb Code     0  rtentry2.o(.ARM.Collect$$rtentry$$00000002)
    __rt_entry_sh                            0x0000030f   Thumb Code     0  rtentry4.o(.ARM.Collect$$rtentry$$00000004)
    __rt_entry_li                            0x00000315   Thumb Code     0  rtentry2.o(.ARM.Collect$$rtentry$$0000000A)
    __rt_entry_postsh_1                      0x00000315   Thumb Code     0  rtentry2.o(.ARM.Collect$$rtentry$$00000009)
    __rt_entry_main                          0x00000319   Thumb Code     0  rtentry2.o(.ARM.Collect$$rtentry$$0000000D)
    __rt_entry_postli_1                      0x00000319   Thumb Code     0  rtentry2.o(.ARM.Collect$$rtentry$$0000000C)
    __rt_exit                                0x00000321   Thumb Code     0  rtexit.o(.ARM.Collect$$rtexit$$00000000)
    __rt_exit_ls                             0x00000323   Thumb Code     0  rtexit2.o(.ARM.Collect$$rtexit$$00000003)
    __rt_exit_prels_1                        0x00000323   Thumb Code     0  rtexit2.o(.ARM.Collect$$rtexit$$00000002)
    __rt_exit_exit                           0x00000327   Thumb Code     0  rtexit2.o(.ARM.Collect$$rtexit$$00000004)
    Reset_Handler                            0x0000032d   Thumb Code     8  startup_tm4c123.o(.text)
    NMI_Handler                              0x00000335   Thumb Code     2  startup_tm4c123.o(.text)
    HardFault_Handler                        0x00000337   Thumb Code     2  startup_tm4c123.o(.text)
    MemManage_Handler                        0x00000339   Thumb Code     2  startup_tm4c123.o(.text)
    BusFault_Handler                         0x0000033b   Thumb Code     2  startup_tm4c123.o(.text)
    UsageFault_Handler                       0x0000033d   Thumb Code     2  startup_tm4c123.o(.text)
    SVC_Handler                              0x0000033f   Thumb Code     2  startup_tm4c123.o(.text)
    DebugMon_Handler                         0x00000341   Thumb Code     2  startup_tm4c123.o(.text)
    PendSV_Handler                           0x00000343   Thumb Code     2  startup_tm4c123.o(.text)
    SysTick_Handler                          0x00000345   Thumb Code     2  startup_tm4c123.o(.text)
    GPIOA_Handler                            0x00000347   Thumb Code     2  startup_tm4c123.o(.text)
    GPIOB_Handler                            0x00000349   Thumb Code     2  startup_tm4c123.o(.text)
    GPIOC_Handler                            0x0000034b   Thumb Code     2  startup_tm4c123.o(.text)
    GPIOD_Handler                            0x0000034d   Thumb Code     2  startup_tm4c123.o(.text)
    GPIOE_Handler                            0x0000034f   Thumb Code     2  startup_tm4c123.o(.text)
    UART0_Handler                            0x00000351   Thumb Code     2  startup_tm4c123.o(.text)
    UART1_Handler                            0x00000353   Thumb Code     2  startup_tm4c123.o(.text)
    SSI0_Handler                             0x00000355   Thumb Code     2  startup_tm4c123.o(.text)
    I2C0_Handler                             0x00000357   Thumb Code     2  startup_tm4c123.o(.text)
    PMW0_FAULT_Handler                       0x00000359   Thumb Code     2  startup_tm4c123.o(.text)
    PWM0_0_Handler                           0x0000035b   Thumb Code     2  startup_tm4c123.o(.text)
    PWM0_1_Handler                           0x0000035d   Thumb Code     2  startup_tm4c123.o(.text)
    PWM0_2_Handler                           0x0000035f   Thumb Code     2  startup_tm4c123.o(.text)
    QEI0_Handler                             0x00000361   Thumb Code     2  startup_tm4c123.o(.text)
    ADC0SS0_Handler                          0x00000363   Thumb Code     2  startup_tm4c123.o(.text)
    ADC0SS1_Handler                          0x00000365   Thumb Code     2  startup_tm4c123.o(.text)
    ADC0SS2_Handler                          0x00000367   Thumb Code     2  startup_tm4c123.o(.text)
    ADC0SS3_Handler                          0x00000369   Thumb Code     2  startup_tm4c123.o(.text)
    WDT0_Handler                             0x0000036b   Thumb Code     2  startup_tm4c123.o(.text)
    TIMER0A_Handler                          0x0000036d   Thumb Code     2  startup_tm4c123.o(.text)
    TIMER0B_Handler                          0x0000036f   Thumb Code     2  startup_tm4c123.o(.text)
    TIMER1A_Handler                          0x00000371   Thumb Code     2  startup_tm4c123.o(.text)
    TIMER1B_Handler                          0x00000373   Thumb Code     2  startup_tm4c123.o(.text)
    TIMER2A_Handler                          0x00000375   Thumb Code     2  startup_tm4c123.o(.text)
    TIMER2B_Handler                          0x00000377   Thumb Code     2  startup_tm4c123.o(.text)
    COMP0_Handler                            0x00000379   Thumb Code     2  startup_tm4c123.o(.text)
    COMP1_Handler                            0x0000037b   Thumb Code     2  startup_tm4c123.o(.text)
    COMP2_Handler                            0x0000037d   Thumb Code     2  startup_tm4c123.o(.text)
    SYSCTL_Handler                           0x0000037f   Thumb Code     2  startup_tm4c123.o(.text)
    FLASH_Handler                            0x00000381   Thumb Code     2  startup_tm4c123.o(.text)
    GPIOF_Handler                            0x00000383   Thumb Code     2  startup_tm4c123.o(.text)
    GPIOG_Handler                            0x00000385   Thumb Code     2  startup_tm4c123.o(.text)
    GPIOH_Handler                            0x00000387   Thumb Code     2  startup_tm4c123.o(.text)
    UART2_Handler                            0x00000389   Thumb Code     2  startup_tm4c123.o(.text)
    SSI1_Handler                             0x0000038b   Thumb Code     2  startup_tm4c123.o(.text)
    TIMER3A_Handler                          0x0000038d   Thumb Code     2  startup_tm4c123.o(.text)
    TIMER3B_Handler                          0x0000038f   Thumb Code     2  startup_tm4c123.o(.text)
    I2C1_Handler                             0x00000391   Thumb Code     2  startup_tm4c123.o(.text)
    QEI1_Handler                             0x00000393   Thumb Code     2  startup_tm4c123.o(.text)
    CAN0_Handler                             0x00000395   Thumb Code     2  startup_tm4c123.o(.text)
    CAN1_Handler                             0x00000397   Thumb Code     2  startup_tm4c123.o(.text)
    CAN2_Handler                             0x00000399   Thumb Code     2  startup_tm4c123.o(.text)
    HIB_Handler                              0x0000039b   Thumb Code     2  startup_tm4c123.o(.text)
    USB0_Handler                             0x0000039d   Thumb Code     2  startup_tm4c123.o(.text)
    PWM0_3_Handler                           0x0000039f   Thumb Code     2  startup_tm4c123.o(.text)
    UDMA_Handler                             0x000003a1   Thumb Code     2  startup_tm4c123.o(.text)
    UDMAERR_Handler                          0x000003a3   Thumb Code     2  startup_tm4c123.o(.text)
    ADC1SS0_Handler                          0x000003a5   Thumb Code     2  startup_tm4c123.o(.text)
    ADC1SS1_Handler                          0x000003a7   Thumb Code     2  startup_tm4c123.o(.text)
    ADC1SS2_Handler                          0x000003a9   Thumb Code     2  startup_tm4c123.o(.text)
    ADC1SS3_Handler                          0x000003ab   Thumb Code     2  startup_tm4c123.o(.text)
    GPIOJ_Handler                            0x000003ad   Thumb Code     2  startup_tm4c123.o(.text)
    GPIOK_Handler                            0x000003af   Thumb Code     2  startup_tm4c123.o(.text)
    GPIOL_Handler                            0x000003b1   Thumb Code     2  startup_tm4c123.o(.text)
    SSI2_Handler                             0x000003b3   Thumb Code     2  startup_tm4c123.o(.text)
    SSI3_Handler                             0x000003b5   Thumb Code     2  startup_tm4c123.o(.text)
    UART3_Handler                            0x000003b7   Thumb Code     2  startup_tm4c123.o(.text)
    UART4_Handler                            0x000003b9   Thumb Code     2  startup_tm4c123.o(.text)
    UART5_Handler                            0x000003bb   Thumb Code     2  startup_tm4c123.o(.text)
    UART6_Handler                            0x000003bd   Thumb Code     2  startup_tm4c123.o(.text)
    UART7_Handler                            0x000003bf   Thumb Code     2  startup_tm4c123.o(.text)
    I2C2_Handler                             0x000003c1   Thumb Code     2  startup_tm4c123.o(.text)
    I2C3_Handler                             0x000003c3   Thumb Code     2  startup_tm4c123.o(.text)
    TIMER4A_Handler                          0x000003c5   Thumb Code     2  startup_tm4c123.o(.text)
    TIMER4B_Handler                          0x000003c7   Thumb Code     2  startup_tm4c123.o(.text)
    TIMER5A_Handler                          0x000003c9   Thumb Code     2  startup_tm4c123.o(.text)
    TIMER5B_Handler                          0x000003cb   Thumb Code     2  startup_tm4c123.o(.text)
    WTIMER0A_Handler                         0x000003cd   Thumb Code     2  startup_tm4c123.o(.text)
    WTIMER0B_Handler                         0x000003cf   Thumb Code     2  startup_tm4c123.o(.text)
    WTIMER1A_Handler                         0x000003d1   Thumb Code     2  startup_tm4c123.o(.text)
    WTIMER1B_Handler                         0x000003d3   Thumb Code     2  startup_tm4c123.o(.text)
    WTIMER2A_Handler                         0x000003d5   Thumb Code     2  startup_tm4c123.o(.text)
    WTIMER2B_Handler                         0x000003d7   Thumb Code     2  startup_tm4c123.o(.text)
    WTIMER3A_Handler                         0x000003d9   Thumb Code     2  startup_tm4c123.o(.text)
    WTIMER3B_Handler                         0x000003db   Thumb Code     2  startup_tm4c123.o(.text)
    WTIMER4A_Handler                         0x000003dd   Thumb Code     2  startup_tm4c123.o(.text)
    WTIMER4B_Handler                         0x000003df   Thumb Code     2  startup_tm4c123.o(.text)
    WTIMER5A_Handler                         0x000003e1   Thumb Code     2  startup_tm4c123.o(.text)
    WTIMER5B_Handler                         0x000003e3   Thumb Code     2  startup_tm4c123.o(.text)
    FPU_Handler                              0x000003e5   Thumb Code     2  startup_tm4c123.o(.text)
    I2C4_Handler                             0x000003e7   Thumb Code     2  startup_tm4c123.o(.text)
    I2C5_Handler                             0x000003e9   Thumb Code     2  startup_tm4c123.o(.text)
    GPIOM_Handler                            0x000003eb   Thumb Code     2  startup_tm4c123.o(.text)
    GPION_Handler                            0x000003ed   Thumb Code     2  startup_tm4c123.o(.text)
    QEI2_Handler                             0x000003ef   Thumb Code     2  startup_tm4c123.o(.text)
    GPIOP0_Handler                           0x000003f1   Thumb Code     2  startup_tm4c123.o(.text)
    GPIOP1_Handler                           0x000003f3   Thumb Code     2  startup_tm4c123.o(.text)
    GPIOP2_Handler                           0x000003f5   Thumb Code     2  startup_tm4c123.o(.text)
    GPIOP3_Handler                           0x000003f7   Thumb Code     2  startup_tm4c123.o(.text)
    GPIOP4_Handler                           0x000003f9   Thumb Code     2  startup_tm4c123.o(.text)
    GPIOP5_Handler                           0x000003fb   Thumb Code     2  startup_tm4c123.o(.text)
    GPIOP6_Handler                           0x000003fd   Thumb Code     2  startup_tm4c123.o(.text)
    GPIOP7_Handler                           0x000003ff   Thumb Code     2  startup_tm4c123.o(.text)
    GPIOQ0_Handler                           0x00000401   Thumb Code     2  startup_tm4c123.o(.text)
    GPIOQ1_Handler                           0x00000403   Thumb Code     2  startup_tm4c123.o(.text)
    GPIOQ2_Handler                           0x00000405   Thumb Code     2  startup_tm4c123.o(.text)
    GPIOQ3_Handler                           0x00000407   Thumb Code     2  startup_tm4c123.o(.text)
    GPIOQ4_Handler                           0x00000409   Thumb Code     2  startup_tm4c123.o(.text)
    GPIOQ5_Handler                           0x0000040b   Thumb Code     2  startup_tm4c123.o(.text)
    GPIOQ6_Handler                           0x0000040d   Thumb Code     2  startup_tm4c123.o(.text)
    GPIOQ7_Handler                           0x0000040f   Thumb Code     2  startup_tm4c123.o(.text)
    GPIOR_Handler                            0x00000411   Thumb Code     2  startup_tm4c123.o(.text)
    GPIOS_Handler                            0x00000413   Thumb Code     2  startup_tm4c123.o(.text)
    PMW1_0_Handler                           0x00000415   Thumb Code     2  startup_tm4c123.o(.text)
    PWM1_1_Handler                           0x00000417   Thumb Code     2  startup_tm4c123.o(.text)
    PWM1_2_Handler                           0x00000419   Thumb Code     2  startup_tm4c123.o(.text)
    PWM1_3_Handler                           0x0000041b   Thumb Code     2  startup_tm4c123.o(.text)
    PWM1_FAULT_Handler                       0x0000041d   Thumb Code     2  startup_tm4c123.o(.text)
    __user_initial_stackheap                 0x00000421   Thumb Code     0  startup_tm4c123.o(.text)
    delay_micro                              0x00000441   Thumb Code    22  main.o(.text)
    delay_milli                              0x00000457   Thumb Code    26  main.o(.text)
    lcd_command                              0x00000471   Thumb Code    80  main.o(.text)
    lcd_init                                 0x000004c1   Thumb Code   264  main.o(.text)
    LED_init                                 0x000005c9   Thumb Code   122  main.o(.text)
    SystemInit                               0x00000643   Thumb Code    12  main.o(.text)
    lcd_data                                 0x0000064f   Thumb Code    62  main.o(.text)
    lcd_display                              0x0000068d   Thumb Code    76  main.o(.text)
    main                                     0x000006d9   Thumb Code    44  main.o(.text)
    SSD_init                                 0x00000705   Thumb Code   306  main.o(.text)
    decimal_to_BCD                           0x00000837   Thumb Code   122  main.o(.text)
    dist_to_display                          0x000008b1   Thumb Code     2  main.o(.text)
    CalculateDistance                        0x000008b3   Thumb Code   204  main.o(.text)
    UART_init                                0x0000097f   Thumb Code   180  main.o(.text)
    UART5_Receiver                           0x00000a33   Thumb Code    20  main.o(.text)
    GPS_Coordinates                          0x00000a47   Thumb Code   290  main.o(.text)
    __2sprintf                               0x00000ba9   Thumb Code    34  noretval__2sprintf.o(.text)
    __printf                                 0x00000bd1   Thumb Code   270  __printf_wp.o(.text)
    __use_two_region_memory                  0x00000cdf   Thumb Code     2  heapauxi.o(.text)
    __rt_heap_escrow$2region                 0x00000ce1   Thumb Code     2  heapauxi.o(.text)
    __rt_heap_expand$2region                 0x00000ce3   Thumb Code     2  heapauxi.o(.text)
    __read_errno                             0x00000ce5   Thumb Code    10  _rserrno.o(.text)
    __set_errno                              0x00000cef   Thumb Code    12  _rserrno.o(.text)
    __lib_sel_fp_printf                      0x00000cfb   Thumb Code     2  _printf_fp_dec.o(.text)
    _printf_fp_dec_real                      0x00000ea7   Thumb Code   628  _printf_fp_dec.o(.text)
    _printf_char_common                      0x00001127   Thumb Code    32  _printf_char_common.o(.text)
    _sputc                                   0x0000114d   Thumb Code    10  _sputc.o(.text)
    __strtod_int                             0x00001195   Thumb Code    88  strtod.o(.text)
    __rt_locale                              0x000011f9   Thumb Code     8  rt_locale_intlibspace.o(.text)
    __aeabi_errno_addr                       0x00001201   Thumb Code     8  rt_errno_addr_intlibspace.o(.text)
    __errno$intlibspace                      0x00001201   Thumb Code     0  rt_errno_addr_intlibspace.o(.text)
    __rt_errno_addr$intlibspace              0x00001201   Thumb Code     0  rt_errno_addr_intlibspace.o(.text)
    _ll_udiv10                               0x00001209   Thumb Code   138  lludiv10.o(.text)
    isspace                                  0x00001293   Thumb Code    18  isspace.o(.text)
    _printf_fp_infnan                        0x000012a5   Thumb Code   112  _printf_fp_infnan.o(.text)
    _sgetc                                   0x00001325   Thumb Code    30  _sgetc.o(.text)
    _sbackspace                              0x00001343   Thumb Code    34  _sgetc.o(.text)
    _btod_etento                             0x00001365   Thumb Code   222  bigflt0.o(.text)
    __user_libspace                          0x00001449   Thumb Code     8  libspace.o(.text)
    __user_perproc_libspace                  0x00001449   Thumb Code     0  libspace.o(.text)
    __user_perthread_libspace                0x00001449   Thumb Code     0  libspace.o(.text)
    __user_setup_stackheap                   0x00001451   Thumb Code    74  sys_stackheap_outer.o(.text)
    __rt_ctype_table                         0x0000149d   Thumb Code    16  rt_ctype_table.o(.text)
    _scanf_really_real                       0x000016a5   Thumb Code   672  scanf_fp.o(.text)
    exit                                     0x00001951   Thumb Code    12  exit.o(.text)
    strcmp                                   0x0000195d   Thumb Code   128  strcmpv7m.o(.text)
    _scanf_really_hex_real                   0x000019dd   Thumb Code   776  scanf_hexfp.o(.text)
    _scanf_really_infnan                     0x00001cf1   Thumb Code   298  scanf_infnan.o(.text)
    _sys_exit                                0x00001e2d   Thumb Code     8  sys_exit.o(.text)
    __aeabi_llsl                             0x00001e39   Thumb Code     0  llshl.o(.text)
    _ll_shift_l                              0x00001e39   Thumb Code    38  llshl.o(.text)
    _chval                                   0x00001e5f   Thumb Code    28  _chval.o(.text)
    __I$use$semihosting                      0x00001e7b   Thumb Code     0  use_no_semi.o(.text)
    __use_no_semihosting_swi                 0x00001e7b   Thumb Code     2  use_no_semi.o(.text)
    __semihosting_library_function           0x00001e7d   Thumb Code     0  indicate_semi.o(.text)
    _btod_d2e                                0x00001e7d   Thumb Code    62  btod.o(CL$$btod_d2e)
    _d2e_denorm_low                          0x00001ebb   Thumb Code    70  btod.o(CL$$btod_d2e_denorm_low)
    _d2e_norm_op1                            0x00001f01   Thumb Code    96  btod.o(CL$$btod_d2e_norm_op1)
    __btod_div_common                        0x00001f61   Thumb Code   696  btod.o(CL$$btod_div_common)
    _e2d                                     0x00002299   Thumb Code    80  btod.o(CL$$btod_e2d)
    _e2e                                     0x000022ed   Thumb Code   198  btod.o(CL$$btod_e2e)
    _btod_ediv                               0x000023b3   Thumb Code    40  btod.o(CL$$btod_ediv)
    _btod_edivd                              0x000023db   Thumb Code    40  btod.o(CL$$btod_edivd)
    _btod_emul                               0x00002403   Thumb Code    40  btod.o(CL$$btod_emul)
    _btod_emuld                              0x0000242b   Thumb Code    40  btod.o(CL$$btod_emuld)
    __btod_mult_common                       0x00002453   Thumb Code   580  btod.o(CL$$btod_mult_common)
    __ARM_fpclassify                         0x00002697   Thumb Code    40  fpclassify.o(i.__ARM_fpclassify)
    __mathlib_dbl_underflow                  0x000026c1   Thumb Code    10  dunder.o(i.__mathlib_dbl_underflow)
    __mathlib_narrow                         0x000026d1   Thumb Code    16  narrow.o(i.__mathlib_narrow)
    __mathlib_tofloat                        0x000026e1   Thumb Code   132  narrow.o(i.__mathlib_tofloat)
    __support_ldexp                          0x00002769   Thumb Code    22  ldexp.o(i.__support_ldexp)
    _is_digit                                0x0000277f   Thumb Code    14  __printf_wp.o(i._is_digit)
    atof                                     0x0000278d   Thumb Code    42  atof.o(i.atof)
    frexp                                    0x000027b9   Thumb Code    80  frexp.o(i.frexp)
    ldexp                                    0x00002811   Thumb Code   126  ldexp.o(i.ldexp)
    sqrt                                     0x0000288f   Thumb Code    76  sqrt.o(i.sqrt)
    _get_lc_numeric                          0x000028dd   Thumb Code    44  lc_numeric_c.o(locale$$code)
    _get_lc_ctype                            0x00002909   Thumb Code    44  lc_ctype_c.o(locale$$code)
    __aeabi_d2f                              0x00002935   Thumb Code     0  d2f.o(x$fpl$d2f)
    _d2f                                     0x00002935   Thumb Code    98  d2f.o(x$fpl$d2f)
    __aeabi_dadd                             0x00002999   Thumb Code     0  daddsub_clz.o(x$fpl$dadd)
    _dadd                                    0x00002999   Thumb Code   332  daddsub_clz.o(x$fpl$dadd)
    __fpl_dcheck_NaN1                        0x00002ae9   Thumb Code    10  dcheck1.o(x$fpl$dcheck1)
    __fpl_dcmp_Inf                           0x00002af9   Thumb Code    24  dcmpi.o(x$fpl$dcmpinf)
    __aeabi_ddiv                             0x00002b11   Thumb Code     0  ddiv.o(x$fpl$ddiv)
    _ddiv                                    0x00002b11   Thumb Code   552  ddiv.o(x$fpl$ddiv)
    __aeabi_cdcmpeq                          0x00002dc1   Thumb Code     0  deqf.o(x$fpl$deqf)
    _dcmpeq                                  0x00002dc1   Thumb Code   120  deqf.o(x$fpl$deqf)
    __aeabi_cdcmple                          0x00002e39   Thumb Code     0  dleqf.o(x$fpl$dleqf)
    _dcmple                                  0x00002e39   Thumb Code   120  dleqf.o(x$fpl$dleqf)
    __fpl_dcmple_InfNaN                      0x00002e9b   Thumb Code     0  dleqf.o(x$fpl$dleqf)
    __aeabi_dmul                             0x00002eb1   Thumb Code     0  dmul.o(x$fpl$dmul)
    _dmul                                    0x00002eb1   Thumb Code   332  dmul.o(x$fpl$dmul)
    __fpl_dnaninf                            0x00003005   Thumb Code   156  dnaninf.o(x$fpl$dnaninf)
    __fpl_dretinf                            0x000030a1   Thumb Code    12  dretinf.o(x$fpl$dretinf)
    __aeabi_cdrcmple                         0x000030ad   Thumb Code     0  drleqf.o(x$fpl$drleqf)
    _drcmple                                 0x000030ad   Thumb Code   108  drleqf.o(x$fpl$drleqf)
    __aeabi_drsub                            0x00003119   Thumb Code     0  daddsub_clz.o(x$fpl$drsb)
    _drsb                                    0x00003119   Thumb Code    22  daddsub_clz.o(x$fpl$drsb)
    _dsqrt                                   0x00003131   Thumb Code   404  dsqrt_umaal.o(x$fpl$dsqrt)
    __aeabi_dsub                             0x000032c9   Thumb Code     0  daddsub_clz.o(x$fpl$dsub)
    _dsub                                    0x000032c9   Thumb Code   464  daddsub_clz.o(x$fpl$dsub)
    __fpl_fretinf                            0x0000349d   Thumb Code    10  fretinf.o(x$fpl$fretinf)
    _printf_fp_dec                           0x000034a7   Thumb Code     4  printf1.o(x$fpl$printf1)
    __fpl_return_NaN                         0x000034ab   Thumb Code   100  retnan.o(x$fpl$retnan)
    __ARM_scalbn                             0x0000350f   Thumb Code    92  scalbn.o(x$fpl$scalbn)
    _scanf_real                              0x0000356b   Thumb Code     4  scanf1.o(x$fpl$scanf1)
    _scanf_hex_real                          0x0000356f   Thumb Code     4  scanf2.o(x$fpl$scanf2)
    _scanf_infnan                            0x00003573   Thumb Code     4  scanf2.o(x$fpl$scanf2)
    __fpl_cmpreturn                          0x00003577   Thumb Code    48  trapv.o(x$fpl$trapveneer)
    __I$use$fp                               0x000035a6   Number         0  usenofp.o(x$fpl$usenofp)
    Region$$Table$$Base                      0x0000363c   Number         0  anon$$obj.o(Region$$Table)
    Region$$Table$$Limit                     0x0000365c   Number         0  anon$$obj.o(Region$$Table)
    __aeabi_HUGE_VAL                         0x0000365c   Data           0  fpconst.o(c$$dinf)
    __aeabi_HUGE_VALL                        0x0000365c   Data           0  fpconst.o(c$$dinf)
    __aeabi_INFINITY                         0x0000365c   Data           0  fpconst.o(c$$dinf)
    __dInf                                   0x0000365c   Data           0  fpconst.o(c$$dinf)
    __huge_val                               0x0000365c   Data           0  fpconst.o(c$$dinf)
    __ctype                                  0x0000368d   Data           0  lc_ctype_c.o(locale$$data)
    distance                                 0x20000000   Data           8  main.o(.data)
    oldX                                     0x20000008   Data           8  main.o(.data)
    oldY                                     0x20000010   Data           8  main.o(.data)
    newX                                     0x20000018   Data           8  main.o(.data)
    newY                                     0x20000020   Data           8  main.o(.data)
    latitude                                 0x20000028   Data          20  main.o(.bss)
    longitude                                0x2000003c   Data          20  main.o(.bss)
    __libspace_start                         0x20000050   Data          96  libspace.o(.bss)
    __temporary_stack_top$libspace           0x200000b0   Data           0  libspace.o(.bss)



==============================================================================

Memory Map of the image

  Image Entry point : 0x0000032d

  Load Region LR_1 (Base: 0x00000000, Size: 0x000037b8, Max: 0xffffffff, ABSOLUTE)

    Execution Region ER_RO (Base: 0x00000000, Size: 0x00003790, Max: 0xffffffff, ABSOLUTE)

    Base Addr    Size         Type   Attr      Idx    E Section Name        Object

    0x00000000   0x0000026c   Data   RO            3    RESET               startup_tm4c123.o
    0x0000026c   0x00000008   Code   RO           72  * !!!main             c_w.l(__main.o)
    0x00000274   0x00000034   Code   RO          395    !!!scatter          c_w.l(__scatter.o)
    0x000002a8   0x0000001a   Code   RO          397    !!handler_copy      c_w.l(__scatter_copy.o)
    0x000002c2   0x00000002   PAD
    0x000002c4   0x0000001c   Code   RO          399    !!handler_zi        c_w.l(__scatter_zi.o)
    0x000002e0   0x00000000   Code   RO           69    .ARM.Collect$$_printf_percent$$00000000  c_w.l(_printf_percent.o)
    0x000002e0   0x00000006   Code   RO           68    .ARM.Collect$$_printf_percent$$00000003  c_w.l(_printf_f.o)
    0x000002e6   0x00000004   Code   RO          111    .ARM.Collect$$_printf_percent$$00000017  c_w.l(_printf_percent_end.o)
    0x000002ea   0x00000002   Code   RO          212    .ARM.Collect$$libinit$$00000000  c_w.l(libinit.o)
    0x000002ec   0x00000000   Code   RO          214    .ARM.Collect$$libinit$$00000002  c_w.l(libinit2.o)
    0x000002ec   0x00000000   Code   RO          217    .ARM.Collect$$libinit$$00000008  c_w.l(libinit2.o)
    0x000002ec   0x00000000   Code   RO          219    .ARM.Collect$$libinit$$0000000A  c_w.l(libinit2.o)
    0x000002ec   0x00000000   Code   RO          221    .ARM.Collect$$libinit$$0000000C  c_w.l(libinit2.o)
    0x000002ec   0x00000006   Code   RO          222    .ARM.Collect$$libinit$$0000000D  c_w.l(libinit2.o)
    0x000002f2   0x00000000   Code   RO          224    .ARM.Collect$$libinit$$0000000F  c_w.l(libinit2.o)
    0x000002f2   0x0000000c   Code   RO          225    .ARM.Collect$$libinit$$00000010  c_w.l(libinit2.o)
    0x000002fe   0x00000000   Code   RO          226    .ARM.Collect$$libinit$$00000011  c_w.l(libinit2.o)
    0x000002fe   0x00000000   Code   RO          228    .ARM.Collect$$libinit$$00000013  c_w.l(libinit2.o)
    0x000002fe   0x0000000a   Code   RO          229    .ARM.Collect$$libinit$$00000014  c_w.l(libinit2.o)
    0x00000308   0x00000000   Code   RO          230    .ARM.Collect$$libinit$$00000015  c_w.l(libinit2.o)
    0x00000308   0x00000000   Code   RO          232    .ARM.Collect$$libinit$$00000017  c_w.l(libinit2.o)
    0x00000308   0x00000000   Code   RO          234    .ARM.Collect$$libinit$$00000019  c_w.l(libinit2.o)
    0x00000308   0x00000000   Code   RO          236    .ARM.Collect$$libinit$$0000001B  c_w.l(libinit2.o)
    0x00000308   0x00000000   Code   RO          238    .ARM.Collect$$libinit$$0000001D  c_w.l(libinit2.o)
    0x00000308   0x00000000   Code   RO          240    .ARM.Collect$$libinit$$0000001F  c_w.l(libinit2.o)
    0x00000308   0x00000000   Code   RO          242    .ARM.Collect$$libinit$$00000021  c_w.l(libinit2.o)
    0x00000308   0x00000000   Code   RO          244    .ARM.Collect$$libinit$$00000023  c_w.l(libinit2.o)
    0x00000308   0x00000000   Code   RO          248    .ARM.Collect$$libinit$$0000002A  c_w.l(libinit2.o)
    0x00000308   0x00000000   Code   RO          250    .ARM.Collect$$libinit$$0000002C  c_w.l(libinit2.o)
    0x00000308   0x00000000   Code   RO          252    .ARM.Collect$$libinit$$0000002E  c_w.l(libinit2.o)
    0x00000308   0x00000000   Code   RO          254    .ARM.Collect$$libinit$$00000030  c_w.l(libinit2.o)
    0x00000308   0x00000002   Code   RO          255    .ARM.Collect$$libinit$$00000031  c_w.l(libinit2.o)
    0x0000030a   0x00000002   Code   RO          319    .ARM.Collect$$libshutdown$$00000000  c_w.l(libshutdown.o)
    0x0000030c   0x00000000   Code   RO          347    .ARM.Collect$$libshutdown$$00000003  c_w.l(libshutdown2.o)
    0x0000030c   0x00000000   Code   RO          350    .ARM.Collect$$libshutdown$$00000006  c_w.l(libshutdown2.o)
    0x0000030c   0x00000000   Code   RO          353    .ARM.Collect$$libshutdown$$00000009  c_w.l(libshutdown2.o)
    0x0000030c   0x00000000   Code   RO          355    .ARM.Collect$$libshutdown$$0000000B  c_w.l(libshutdown2.o)
    0x0000030c   0x00000000   Code   RO          358    .ARM.Collect$$libshutdown$$0000000E  c_w.l(libshutdown2.o)
    0x0000030c   0x00000002   Code   RO          359    .ARM.Collect$$libshutdown$$0000000F  c_w.l(libshutdown2.o)
    0x0000030e   0x00000000   Code   RO          102    .ARM.Collect$$rtentry$$00000000  c_w.l(rtentry.o)
    0x0000030e   0x00000000   Code   RO          126    .ARM.Collect$$rtentry$$00000002  c_w.l(rtentry2.o)
    0x0000030e   0x00000006   Code   RO          138    .ARM.Collect$$rtentry$$00000004  c_w.l(rtentry4.o)
    0x00000314   0x00000000   Code   RO          128    .ARM.Collect$$rtentry$$00000009  c_w.l(rtentry2.o)
    0x00000314   0x00000004   Code   RO          129    .ARM.Collect$$rtentry$$0000000A  c_w.l(rtentry2.o)
    0x00000318   0x00000000   Code   RO          131    .ARM.Collect$$rtentry$$0000000C  c_w.l(rtentry2.o)
    0x00000318   0x00000008   Code   RO          132    .ARM.Collect$$rtentry$$0000000D  c_w.l(rtentry2.o)
    0x00000320   0x00000002   Code   RO          256    .ARM.Collect$$rtexit$$00000000  c_w.l(rtexit.o)
    0x00000322   0x00000000   Code   RO          281    .ARM.Collect$$rtexit$$00000002  c_w.l(rtexit2.o)
    0x00000322   0x00000004   Code   RO          282    .ARM.Collect$$rtexit$$00000003  c_w.l(rtexit2.o)
    0x00000326   0x00000006   Code   RO          283    .ARM.Collect$$rtexit$$00000004  c_w.l(rtexit2.o)
    0x0000032c   0x00000114   Code   RO            4  * .text               startup_tm4c123.o
    0x00000440   0x00000768   Code   RO           10    .text               main.o
    0x00000ba8   0x00000028   Code   RO           44    .text               c_w.l(noretval__2sprintf.o)
    0x00000bd0   0x0000010e   Code   RO           56    .text               c_w.l(__printf_wp.o)
    0x00000cde   0x00000006   Code   RO           70    .text               c_w.l(heapauxi.o)
    0x00000ce4   0x00000016   Code   RO          103    .text               c_w.l(_rserrno.o)
    0x00000cfa   0x00000420   Code   RO          105    .text               c_w.l(_printf_fp_dec.o)
    0x0000111a   0x00000002   PAD
    0x0000111c   0x00000030   Code   RO          107    .text               c_w.l(_printf_char_common.o)
    0x0000114c   0x0000000a   Code   RO          109    .text               c_w.l(_sputc.o)
    0x00001156   0x00000002   PAD
    0x00001158   0x000000a0   Code   RO          112    .text               c_w.l(strtod.o)
    0x000011f8   0x00000008   Code   RO          143    .text               c_w.l(rt_locale_intlibspace.o)
    0x00001200   0x00000008   Code   RO          148    .text               c_w.l(rt_errno_addr_intlibspace.o)
    0x00001208   0x0000008a   Code   RO          150    .text               c_w.l(lludiv10.o)
    0x00001292   0x00000012   Code   RO          152    .text               c_w.l(isspace.o)
    0x000012a4   0x00000080   Code   RO          154    .text               c_w.l(_printf_fp_infnan.o)
    0x00001324   0x00000040   Code   RO          158    .text               c_w.l(_sgetc.o)
    0x00001364   0x000000e4   Code   RO          160    .text               c_w.l(bigflt0.o)
    0x00001448   0x00000008   Code   RO          194    .text               c_w.l(libspace.o)
    0x00001450   0x0000004a   Code   RO          197    .text               c_w.l(sys_stackheap_outer.o)
    0x0000149a   0x00000002   PAD
    0x0000149c   0x00000010   Code   RO          199    .text               c_w.l(rt_ctype_table.o)
    0x000014ac   0x000004a4   Code   RO          201    .text               c_w.l(scanf_fp.o)
    0x00001950   0x0000000c   Code   RO          203    .text               c_w.l(exit.o)
    0x0000195c   0x00000080   Code   RO          205    .text               c_w.l(strcmpv7m.o)
    0x000019dc   0x00000314   Code   RO          287    .text               c_w.l(scanf_hexfp.o)
    0x00001cf0   0x0000013c   Code   RO          289    .text               c_w.l(scanf_infnan.o)
    0x00001e2c   0x0000000c   Code   RO          305    .text               c_w.l(sys_exit.o)
    0x00001e38   0x00000026   Code   RO          309    .text               c_w.l(llshl.o)
    0x00001e5e   0x0000001c   Code   RO          311    .text               c_w.l(_chval.o)
    0x00001e7a   0x00000002   Code   RO          336    .text               c_w.l(use_no_semi.o)
    0x00001e7c   0x00000000   Code   RO          338    .text               c_w.l(indicate_semi.o)
    0x00001e7c   0x0000003e   Code   RO          163    CL$$btod_d2e        c_w.l(btod.o)
    0x00001eba   0x00000046   Code   RO          165    CL$$btod_d2e_denorm_low  c_w.l(btod.o)
    0x00001f00   0x00000060   Code   RO          164    CL$$btod_d2e_norm_op1  c_w.l(btod.o)
    0x00001f60   0x00000338   Code   RO          173    CL$$btod_div_common  c_w.l(btod.o)
    0x00002298   0x00000054   Code   RO          171    CL$$btod_e2d        c_w.l(btod.o)
    0x000022ec   0x000000c6   Code   RO          170    CL$$btod_e2e        c_w.l(btod.o)
    0x000023b2   0x00000028   Code   RO          167    CL$$btod_ediv       c_w.l(btod.o)
    0x000023da   0x00000028   Code   RO          169    CL$$btod_edivd      c_w.l(btod.o)
    0x00002402   0x00000028   Code   RO          166    CL$$btod_emul       c_w.l(btod.o)
    0x0000242a   0x00000028   Code   RO          168    CL$$btod_emuld      c_w.l(btod.o)
    0x00002452   0x00000244   Code   RO          172    CL$$btod_mult_common  c_w.l(btod.o)
    0x00002696   0x00000028   Code   RO          192    i.__ARM_fpclassify  m_ws.l(fpclassify.o)
    0x000026be   0x00000002   PAD
    0x000026c0   0x00000010   Code   RO          362    i.__mathlib_dbl_underflow  m_ws.l(dunder.o)
    0x000026d0   0x00000010   Code   RO          274    i.__mathlib_narrow  m_ws.l(narrow.o)
    0x000026e0   0x00000088   Code   RO          275    i.__mathlib_tofloat  m_ws.l(narrow.o)
    0x00002768   0x00000016   Code   RO          325    i.__support_ldexp   m_ws.l(ldexp.o)
    0x0000277e   0x0000000e   Code   RO           58    i._is_digit         c_w.l(__printf_wp.o)
    0x0000278c   0x0000002a   Code   RO           91    i.atof              m_ws.l(atof.o)
    0x000027b6   0x00000002   PAD
    0x000027b8   0x00000058   Code   RO          300    i.frexp             m_ws.l(frexp.o)
    0x00002810   0x0000007e   Code   RO          326    i.ldexp             m_ws.l(ldexp.o)
    0x0000288e   0x0000004c   Code   RO           95    i.sqrt              m_ws.l(sqrt.o)
    0x000028da   0x00000002   PAD
    0x000028dc   0x0000002c   Code   RO          186    locale$$code        c_w.l(lc_numeric_c.o)
    0x00002908   0x0000002c   Code   RO          259    locale$$code        c_w.l(lc_ctype_c.o)
    0x00002934   0x00000062   Code   RO          295    x$fpl$d2f           fz_ws.l(d2f.o)
    0x00002996   0x00000002   PAD
    0x00002998   0x00000150   Code   RO           74    x$fpl$dadd          fz_ws.l(daddsub_clz.o)
    0x00002ae8   0x00000010   Code   RO          360    x$fpl$dcheck1       fz_ws.l(dcheck1.o)
    0x00002af8   0x00000018   Code   RO          114    x$fpl$dcmpinf       fz_ws.l(dcmpi.o)
    0x00002b10   0x000002b0   Code   RO           81    x$fpl$ddiv          fz_ws.l(ddiv.o)
    0x00002dc0   0x00000078   Code   RO           84    x$fpl$deqf          fz_ws.l(deqf.o)
    0x00002e38   0x00000078   Code   RO          116    x$fpl$dleqf         fz_ws.l(dleqf.o)
    0x00002eb0   0x00000154   Code   RO           86    x$fpl$dmul          fz_ws.l(dmul.o)
    0x00003004   0x0000009c   Code   RO          118    x$fpl$dnaninf       fz_ws.l(dnaninf.o)
    0x000030a0   0x0000000c   Code   RO          120    x$fpl$dretinf       fz_ws.l(dretinf.o)
    0x000030ac   0x0000006c   Code   RO          297    x$fpl$drleqf        fz_ws.l(drleqf.o)
    0x00003118   0x00000016   Code   RO           75    x$fpl$drsb          fz_ws.l(daddsub_clz.o)
    0x0000312e   0x00000002   PAD
    0x00003130   0x00000198   Code   RO          122    x$fpl$dsqrt         fz_ws.l(dsqrt_umaal.o)
    0x000032c8   0x000001d4   Code   RO           76    x$fpl$dsub          fz_ws.l(daddsub_clz.o)
    0x0000349c   0x0000000a   Code   RO          320    x$fpl$fretinf       fz_ws.l(fretinf.o)
    0x000034a6   0x00000004   Code   RO           88    x$fpl$printf1       fz_ws.l(printf1.o)
    0x000034aa   0x00000064   Code   RO          369    x$fpl$retnan        fz_ws.l(retnan.o)
    0x0000350e   0x0000005c   Code   RO          322    x$fpl$scalbn        fz_ws.l(scalbn.o)
    0x0000356a   0x00000004   Code   RO          190    x$fpl$scanf1        fz_ws.l(scanf1.o)
    0x0000356e   0x00000008   Code   RO          268    x$fpl$scanf2        fz_ws.l(scanf2.o)
    0x00003576   0x00000030   Code   RO          375    x$fpl$trapveneer    fz_ws.l(trapv.o)
    0x000035a6   0x00000000   Code   RO          124    x$fpl$usenofp       fz_ws.l(usenofp.o)
    0x000035a6   0x00000002   PAD
    0x000035a8   0x00000094   Data   RO          161    .constdata          c_w.l(bigflt0.o)
    0x0000363c   0x00000020   Data   RO          393    Region$$Table       anon$$obj.o
    0x0000365c   0x00000008   Data   RO          263    c$$dinf             fz_ws.l(fpconst.o)
    0x00003664   0x0000001c   Data   RO          185    locale$$data        c_w.l(lc_numeric_c.o)
    0x00003680   0x00000110   Data   RO          258    locale$$data        c_w.l(lc_ctype_c.o)


    Execution Region ER_RW (Base: 0x20000000, Size: 0x00000028, Max: 0xffffffff, ABSOLUTE)

    Base Addr    Size         Type   Attr      Idx    E Section Name        Object

    0x20000000   0x00000028   Data   RW           12    .data               main.o


    Execution Region ER_ZI (Base: 0x20000028, Size: 0x00000288, Max: 0xffffffff, ABSOLUTE)

    Base Addr    Size         Type   Attr      Idx    E Section Name        Object

    0x20000028   0x00000028   Zero   RW           11    .bss                main.o
    0x20000050   0x00000060   Zero   RW          195    .bss                c_w.l(libspace.o)
    0x200000b0   0x00000000   Zero   RW            2    HEAP                startup_tm4c123.o
    0x200000b0   0x00000200   Zero   RW            1    STACK               startup_tm4c123.o


==============================================================================

Image component sizes


      Code (inc. data)   RO Data    RW Data    ZI Data      Debug   Object Name

      1896        136          0         40         40       8514   main.o
       276         24        620          0        512       5340   startup_tm4c123.o

    ----------------------------------------------------------------------
      2172        160        652         40        552      13854   Object Totals
         0          0         32          0          0          0   (incl. Generated)
         0          0          0          0          0          0   (incl. Padding)

    ----------------------------------------------------------------------

      Code (inc. data)   RO Data    RW Data    ZI Data      Debug   Library Member Name

         8          0          0          0          0         68   __main.o
       284          0          0          0          0        156   __printf_wp.o
        52          8          0          0          0          0   __scatter.o
        26          0          0          0          0          0   __scatter_copy.o
        28          0          0          0          0          0   __scatter_zi.o
        28          0          0          0          0         68   _chval.o
        48          6          0          0          0         96   _printf_char_common.o
         6          0          0          0          0          0   _printf_f.o
      1056          0          0          0          0        216   _printf_fp_dec.o
       128         16          0          0          0         84   _printf_fp_infnan.o
         0          0          0          0          0          0   _printf_percent.o
         4          0          0          0          0          0   _printf_percent_end.o
        22          0          0          0          0        100   _rserrno.o
        64          0          0          0          0         84   _sgetc.o
        10          0          0          0          0         68   _sputc.o
       228          6        148          0          0         96   bigflt0.o
      2074        132          0          0          0        940   btod.o
        12          0          0          0          0         72   exit.o
         6          0          0          0          0        152   heapauxi.o
         0          0          0          0          0          0   indicate_semi.o
        18          0          0          0          0         76   isspace.o
        44         10        272          0          0         76   lc_ctype_c.o
        44         10         28          0          0         76   lc_numeric_c.o
         2          0          0          0          0          0   libinit.o
        30          0          0          0          0          0   libinit2.o
         2          0          0          0          0          0   libshutdown.o
         2          0          0          0          0          0   libshutdown2.o
         8          4          0          0         96         68   libspace.o
        38          0          0          0          0         68   llshl.o
       138          0          0          0          0         80   lludiv10.o
        40          6          0          0          0         84   noretval__2sprintf.o
        16          4          0          0          0         76   rt_ctype_table.o
         8          4          0          0          0         68   rt_errno_addr_intlibspace.o
         8          4          0          0          0         68   rt_locale_intlibspace.o
         0          0          0          0          0          0   rtentry.o
        12          0          0          0          0          0   rtentry2.o
         6          0          0          0          0          0   rtentry4.o
         2          0          0          0          0          0   rtexit.o
        10          0          0          0          0          0   rtexit2.o
      1188         12          0          0          0        148   scanf_fp.o
       788         12          0          0          0        100   scanf_hexfp.o
       316         18          0          0          0        100   scanf_infnan.o
       128          0          0          0          0         68   strcmpv7m.o
       160         12          0          0          0        120   strtod.o
        12          4          0          0          0         68   sys_exit.o
        74          0          0          0          0         80   sys_stackheap_outer.o
         2          0          0          0          0         68   use_no_semi.o
        98          4          0          0          0         92   d2f.o
       826         16          0          0          0        348   daddsub_clz.o
        16          4          0          0          0         68   dcheck1.o
        24          0          0          0          0         68   dcmpi.o
       688        140          0          0          0        208   ddiv.o
       120          4          0          0          0         92   deqf.o
       120          4          0          0          0         92   dleqf.o
       340         12          0          0          0        104   dmul.o
       156          4          0          0          0         92   dnaninf.o
        12          0          0          0          0         68   dretinf.o
       108          0          0          0          0         80   drleqf.o
       408         56          0          0          0        120   dsqrt_umaal.o
         0          0          8          0          0          0   fpconst.o
        10          0          0          0          0         68   fretinf.o
         4          0          0          0          0         68   printf1.o
       100          0          0          0          0         68   retnan.o
        92          0          0          0          0         68   scalbn.o
         4          0          0          0          0         68   scanf1.o
         8          0          0          0          0         84   scanf2.o
        48          0          0          0          0         68   trapv.o
         0          0          0          0          0          0   usenofp.o
        42          0          0          0          0         84   atof.o
        16          6          0          0          0         68   dunder.o
        40          0          0          0          0         68   fpclassify.o
        88          8          0          0          0         76   frexp.o
       148          0          0          0          0        160   ldexp.o
       152          4          0          0          0        160   narrow.o
        76          0          0          0          0         84   sqrt.o

    ----------------------------------------------------------------------
     10944        530        456          0         96       6316   Library Totals
        20          0          0          0          0          0   (incl. Padding)

    ----------------------------------------------------------------------

      Code (inc. data)   RO Data    RW Data    ZI Data      Debug   Library Name

      7180        268        448          0         96       3692   c_w.l
      3182        244          8          0          0       1924   fz_ws.l
       562         18          0          0          0        700   m_ws.l

    ----------------------------------------------------------------------
     10944        530        456          0         96       6316   Library Totals

    ----------------------------------------------------------------------

==============================================================================


      Code (inc. data)   RO Data    RW Data    ZI Data      Debug   

     13116        690       1108         40        648      16374   Grand Totals
     13116        690       1108         40        648      16374   ELF Image Totals
     13116        690       1108         40          0          0   ROM Totals

==============================================================================

    Total RO  Size (Code + RO Data)                14224 (  13.89kB)
    Total RW  Size (RW Data + ZI Data)               688 (   0.67kB)
    Total ROM Size (Code + RO Data + RW Data)      14264 (  13.93kB)

==============================================================================

