<html>
<body>
<pre>
<h1>µVision Build Log</h1>
<h2>Project:</h2>
D:\2nd term\Introduction to Embedded Systems\Final_Project\Project.uvproj
Project File Date:  05/30/2021

<h2>Output:</h2>
Build target 'Target 1'
linking...
Program Size: Code=688 RO-data=636 RW-data=0 ZI-data=608  
".\Project.axf" - 0 Error(s), 0 Warning(s).
: 1 warning, 0 errors
linking...
Program Size: Code=688 RO-data=636 RW-data=0 ZI-data=608  
".\Project.axf" - 0 Error(s), 1 Warning(s).
Load "D:\\2nd term\\Introduction to Embedded Systems\\Final_Project\\Project.axf" 
Internal DLL Error
Error: Flash Download failed  -  Target DLL has been cancelled
